Build started 6/4/2026 7:44:44 AM.
     1>Project "D:\Drive\Source\SquadDash-public\SquadDash.Tests\SquadDash.Tests.csproj" on node 1 (Restore target(s)).
     1>_GetAllRestoreProjectPathItems:
         Determining projects to restore...
     1>Project "D:\Drive\Source\SquadDash-public\SquadDash.Tests\SquadDash.Tests.csproj" (1) is building "D:\Drive\Source\SquadDash-public\VoiceHeuristics\VoiceHeuristics.csproj" (2:4) on node 1 (_GenerateProjectRestoreGraph target(s)).
     2>AddPrunePackageReferences:
         Loading prune package data from PrunePackageData folder
         Failed to load prune package data from PrunePackageData folder, loading from targeting packs instead
         Looking for targeting packs in C:\Program Files\dotnet\packs\Microsoft.NETCore.App.Ref
         Pack directories found: C:\Program Files\dotnet\packs\Microsoft.NETCore.App.Ref\10.0.5
         Found package overrides file C:\Program Files\dotnet\packs\Microsoft.NETCore.App.Ref\10.0.5\data\PackageOverrides.txt
     2>Done Building Project "D:\Drive\Source\SquadDash-public\VoiceHeuristics\VoiceHeuristics.csproj" (_GenerateProjectRestoreGraph target(s)).
     1>Project "D:\Drive\Source\SquadDash-public\SquadDash.Tests\SquadDash.Tests.csproj" (1) is building "D:\Drive\Source\SquadDash-public\SquadDash.Tests\SquadDash.Tests.csproj" (1:6) on node 1 (_GenerateProjectRestoreGraph target(s)).
     1>AddPrunePackageReferences:
         Loading prune package data from PrunePackageData folder
         Failed to load prune package data from PrunePackageData folder, loading from targeting packs instead
         Looking for targeting packs in C:\Program Files\dotnet\packs\Microsoft.NETCore.App.Ref
         Pack directories found: C:\Program Files\dotnet\packs\Microsoft.NETCore.App.Ref\10.0.5
         Found package overrides file C:\Program Files\dotnet\packs\Microsoft.NETCore.App.Ref\10.0.5\data\PackageOverrides.txt
         Loading prune package data from PrunePackageData folder
         Failed to load prune package data from PrunePackageData folder, loading from targeting packs instead
         Looking for targeting packs in C:\Program Files\dotnet\packs\Microsoft.WindowsDesktop.App.Ref
         Pack directories found: C:\Program Files\dotnet\packs\Microsoft.WindowsDesktop.App.Ref\10.0.5
         Found package overrides file C:\Program Files\dotnet\packs\Microsoft.WindowsDesktop.App.Ref\10.0.5\data\PackageOverrides.txt
     1>Done Building Project "D:\Drive\Source\SquadDash-public\SquadDash.Tests\SquadDash.Tests.csproj" (_GenerateProjectRestoreGraph target(s)).
     1>Restore:
         X.509 certificate chain validation will use the default trust store selected by .NET for code signing.
         X.509 certificate chain validation will use the default trust store selected by .NET for timestamping.
         Restoring packages for D:\Drive\Source\SquadDash-public\VoiceHeuristics\VoiceHeuristics.csproj...
         Restoring packages for D:\Drive\Source\SquadDash-public\SquadDash.Tests\SquadDash.Tests.csproj...
         Assets file has not changed. Skipping assets file writing. Path: D:\Drive\Source\SquadDash-public\VoiceHeuristics\obj\project.assets.json
         Restored D:\Drive\Source\SquadDash-public\VoiceHeuristics\VoiceHeuristics.csproj (in 69 ms).
           CACHE https://api.nuget.org/v3/vulnerabilities/index.json
           CACHE https://api.nuget.org/v3-vulnerabilities/2026.06.03.05.52.25/vulnerability.base.json
           CACHE https://api.nuget.org/v3-vulnerabilities/2026.06.03.05.52.25/2026.06.03.23.52.27/vulnerability.update.json
         Assets file has not changed. Skipping assets file writing. Path: D:\Drive\Source\SquadDash-public\SquadDash.Tests\obj\project.assets.json
         Restored D:\Drive\Source\SquadDash-public\SquadDash.Tests\SquadDash.Tests.csproj (in 213 ms).
         
         NuGet Config files used:
             C:\Users\Mark\AppData\Roaming\NuGet\NuGet.Config
             C:\Program Files (x86)\NuGet\Config\DevExpress 22.2.config
             C:\Program Files (x86)\NuGet\Config\DevExpress 24.2.config
             C:\Program Files (x86)\NuGet\Config\DevExpress 25.1.config
             C:\Program Files (x86)\NuGet\Config\Microsoft.VisualStudio.FallbackLocation.config
             C:\Program Files (x86)\NuGet\Config\Microsoft.VisualStudio.Offline.config
             C:\Program Files (x86)\NuGet\Config\Xamarin.Offline.config
         
         Feeds used:
             https://api.nuget.org/v3/index.json
             C:\Program Files\DevExpress 22.2\Components\System\Components\Packages
             C:\Program Files (x86)\Microsoft SDKs\NuGetPackages\
             C:\Program Files\DevExpress 24.2\Components\System\Components\Packages
             C:\Program Files\DevExpress 25.1\Components\System\Components\Packages
             C:\Program Files\dotnet\library-packs
     1>Done Building Project "D:\Drive\Source\SquadDash-public\SquadDash.Tests\SquadDash.Tests.csproj" (Restore target(s)).
   1:7>Project "D:\Drive\Source\SquadDash-public\SquadDash.Tests\SquadDash.Tests.csproj" on node 1 (VSTest target(s)).
     1>BuildProject:
         Build started, please wait...
   1:7>Project "D:\Drive\Source\SquadDash-public\SquadDash.Tests\SquadDash.Tests.csproj" (1:7) is building "D:\Drive\Source\SquadDash-public\SquadDash.Tests\SquadDash.Tests.csproj" (1:8) on node 1 (default targets).
     1>_CheckForNETCoreSdkIsPreview:
       C:\Program Files\dotnet\sdk\10.0.300-preview.0.26177.108\Sdks\Microsoft.NET.Sdk\targets\Microsoft.NET.RuntimeIdentifierInference.targets(383,5): message NETSDK1057: You are using a preview version of .NET. See: https://aka.ms/dotnet-support-policy [D:\Drive\Source\SquadDash-public\SquadDash.Tests\SquadDash.Tests.csproj]
   1:8>Project "D:\Drive\Source\SquadDash-public\SquadDash.Tests\SquadDash.Tests.csproj" (1:8) is building "D:\Drive\Source\SquadDash-public\VoiceHeuristics\VoiceHeuristics.csproj" (2:6) on node 1 (default targets).
     2>GenerateTargetFrameworkMonikerAttribute:
       Skipping target "GenerateTargetFrameworkMonikerAttribute" because all output files are up-to-date with respect to the input files.
       _GenerateSourceLinkFile:
         Updating Source Link file 'obj\Debug\net10.0\VoiceHeuristics.sourcelink.json'.
       CoreCompile:
         Setting DOTNET_ROOT to 'C:\Program Files\dotnet'
         C:\Program Files\dotnet\sdk\10.0.300-preview.0.26177.108\Roslyn\bincore\csc.exe /noconfig /unsafe- /checked- /nowarn:1701,1702,1701,1702,8002 /fullpaths /nostdlib+ /errorreport:prompt /warn:10 /doc:obj\Debug\net10.0\VoiceHeuristics.xml /define:TRACE;DEBUG;NET;NET10_0;NETCOREAPP;NET5_0_OR_GREATER;NET6_0_OR_GREATER;NET7_0_OR_GREATER;NET8_0_OR_GREATER;NET9_0_OR_GREATER;NET10_0_OR_GREATER;NETCOREAPP1_0_OR_GREATER;NETCOREAPP1_1_OR_GREATER;NETCOREAPP2_0_OR_GREATER;NETCOREAPP2_1_OR_GREATER;NETCOREAPP2_2_OR_GREATER;NETCOREAPP3_0_OR_GREATER;NETCOREAPP3_1_OR_GREATER /highentropyva+ /nullable:enable /reference:"C:\Program Files\dotnet\packs\Microsoft.NETCore.App.Ref\10.0.5\ref\net10.0\Microsoft.CSharp.dll" /reference:"C:\Program Files\dotnet\packs\Microsoft.NETCore.App.Ref\10.0.5\ref\net10.0\Microsoft.VisualBasic.Core.dll" /reference:"C:\Program Files\dotnet\packs\Microsoft.NETCore.App.Ref\10.0.5\ref\net10.0\Microsoft.VisualBasic.dll" /reference:"C:\Program Files\dotnet\packs\Microsoft.NETCore.App.Ref\10.0.5\ref\net10.0\Microsoft.Win32.Primitives.dll" /reference:"C:\Program Files\dotnet\packs\Microsoft.NETCore.App.Ref\10.0.5\ref\net10.0\Microsoft.Win32.Registry.dll" /reference:"C:\Program Files\dotnet\packs\Microsoft.NETCore.App.Ref\10.0.5\ref\net10.0\mscorlib.dll" /reference:"C:\Program Files\dotnet\packs\Microsoft.NETCore.App.Ref\10.0.5\ref\net10.0\netstandard.dll" /reference:"C:\Program Files\dotnet\packs\Microsoft.NETCore.App.Ref\10.0.5\ref\net10.0\System.AppContext.dll" /reference:"C:\Program Files\dotnet\packs\Microsoft.NETCore.App.Ref\10.0.5\ref\net10.0\System.Buffers.dll" /reference:"C:\Program Files\dotnet\packs\Microsoft.NETCore.App.Ref\10.0.5\ref\net10.0\System.Collections.Concurrent.dll" /reference:"C:\Program Files\dotnet\packs\Microsoft.NETCore.App.Ref\10.0.5\ref\net10.0\System.Collections.dll" /reference:"C:\Program Files\dotnet\packs\Microsoft.NETCore.App.Ref\10.0.5\ref\net10.0\System.Collections.Immutable.dll" /reference:"C:\Program Files\dotnet\packs\Microsoft.NETCore.App.Ref\10.0.5\ref\net10.0\System.Collections.NonGeneric.dll" /reference:"C:\Program Files\dotnet\packs\Microsoft.NETCore.App.Ref\10.0.5\ref\net10.0\System.Collections.Specialized.dll" /reference:"C:\Program Files\dotnet\packs\Microsoft.NETCore.App.Ref\10.0.5\ref\net10.0\System.ComponentModel.Annotations.dll" /reference:"C:\Program Files\dotnet\packs\Microsoft.NETCore.App.Ref\10.0.5\ref\net10.0\System.ComponentModel.DataAnnotations.dll" /reference:"C:\Program Files\dotnet\packs\Microsoft.NETCore.App.Ref\10.0.5\ref\net10.0\System.ComponentModel.dll" /reference:"C:\Program Files\dotnet\packs\Microsoft.NETCore.App.Ref\10.0.5\ref\net10.0\System.ComponentModel.EventBasedAsync.dll" /reference:"C:\Program Files\dotnet\packs\Microsoft.NETCore.App.Ref\10.0.5\ref\net10.0\System.ComponentModel.Primitives.dll" /reference:"C:\Program Files\dotnet\packs\Microsoft.NETCore.App.Ref\10.0.5\ref\net10.0\System.ComponentModel.TypeConverter.dll" /reference:"C:\Program Files\dotnet\packs\Microsoft.NETCore.App.Ref\10.0.5\ref\net10.0\System.Configuration.dll" /reference:"C:\Program Files\dotnet\packs\Microsoft.NETCore.App.Ref\10.0.5\ref\net10.0\System.Console.dll" /reference:"C:\Program Files\dotnet\packs\Microsoft.NETCore.App.Ref\10.0.5\ref\net10.0\System.Core.dll" /reference:"C:\Program Files\dotnet\packs\Microsoft.NETCore.App.Ref\10.0.5\ref\net10.0\System.Data.Common.dll" /reference:"C:\Program Files\dotnet\packs\Microsoft.NETCore.App.Ref\10.0.5\ref\net10.0\System.Data.DataSetExtensions.dll" /reference:"C:\Program Files\dotnet\packs\Microsoft.NETCore.App.Ref\10.0.5\ref\net10.0\System.Data.dll" /reference:"C:\Program Files\dotnet\packs\Microsoft.NETCore.App.Ref\10.0.5\ref\net10.0\System.Diagnostics.Contracts.dll" /reference:"C:\Program Files\dotnet\packs\Microsoft.NETCore.App.Ref\10.0.5\ref\net10.0\System.Diagnostics.Debug.dll" /reference:"C:\Program Files\dotnet\packs\Microsoft.NETCore.App.Ref\10.0.5\ref\net10.0\System.Diagnostics.DiagnosticSource.dll" /reference:"C:\Program Files\dotnet\packs\Microsoft.NETCore.App.Ref\10.0.5\ref\net10.0\System.Diagnostics.FileVersionInfo.dll" /reference:"C:\Program Files\dotnet\packs\Microsoft.NETCore.App.Ref\10.0.5\ref\net10.0\System.Diagnostics.Process.dll" /reference:"C:\Program Files\dotnet\packs\Microsoft.NETCore.App.Ref\10.0.5\ref\net10.0\System.Diagnostics.StackTrace.dll" /reference:"C:\Program Files\dotnet\packs\Microsoft.NETCore.App.Ref\10.0.5\ref\net10.0\System.Diagnostics.TextWriterTraceListener.dll" /reference:"C:\Program Files\dotnet\packs\Microsoft.NETCore.App.Ref\10.0.5\ref\net10.0\System.Diagnostics.Tools.dll" /reference:"C:\Program Files\dotnet\packs\Microsoft.NETCore.App.Ref\10.0.5\ref\net10.0\System.Diagnostics.TraceSource.dll" /reference:"C:\Program Files\dotnet\packs\Microsoft.NETCore.App.Ref\10.0.5\ref\net10.0\System.Diagnostics.Tracing.dll" /reference:"C:\Program Files\dotnet\packs\Microsoft.NETCore.App.Ref\10.0.5\ref\net10.0\System.dll" /reference:"C:\Program Files\dotnet\packs\Microsoft.NETCore.App.Ref\10.0.5\ref\net10.0\System.Drawing.dll" /reference:"C:\Program Files\dotnet\packs\Microsoft.NETCore.App.Ref\10.0.5\ref\net10.0\System.Drawing.Primitives.dll" /reference:"C:\Program Files\dotnet\packs\Microsoft.NETCore.App.Ref\10.0.5\ref\net10.0\System.Dynamic.Runtime.dll" /reference:"C:\Program Files\dotnet\packs\Microsoft.NETCore.App.Ref\10.0.5\ref\net10.0\System.Formats.Asn1.dll" /reference:"C:\Program Files\dotnet\packs\Microsoft.NETCore.App.Ref\10.0.5\ref\net10.0\System.Formats.Tar.dll" /reference:"C:\Program Files\dotnet\packs\Microsoft.NETCore.App.Ref\10.0.5\ref\net10.0\System.Globalization.Calendars.dll" /reference:"C:\Program Files\dotnet\packs\Microsoft.NETCore.App.Ref\10.0.5\ref\net10.0\System.Globalization.dll" /reference:"C:\Program Files\dotnet\packs\Microsoft.NETCore.App.Ref\10.0.5\ref\net10.0\System.Globalization.Extensions.dll" /reference:"C:\Program Files\dotnet\packs\Microsoft.NETCore.App.Ref\10.0.5\ref\net10.0\System.IO.Compression.Brotli.dll" /reference:"C:\Program Files\dotnet\packs\Microsoft.NETCore.App.Ref\10.0.5\ref\net10.0\System.IO.Compression.dll" /reference:"C:\Program Files\dotnet\packs\Microsoft.NETCore.App.Ref\10.0.5\ref\net10.0\System.IO.Compression.FileSystem.dll" /reference:"C:\Program Files\dotnet\packs\Microsoft.NETCore.App.Ref\10.0.5\ref\net10.0\System.IO.Compression.ZipFile.dll" /reference:"C:\Program Files\dotnet\packs\Microsoft.NETCore.App.Ref\10.0.5\ref\net10.0\System.IO.dll" /reference:"C:\Program Files\dotnet\packs\Microsoft.NETCore.App.Ref\10.0.5\ref\net10.0\System.IO.FileSystem.AccessControl.dll" /reference:"C:\Program Files\dotnet\packs\Microsoft.NETCore.App.Ref\10.0.5\ref\net10.0\System.IO.FileSystem.dll" /reference:"C:\Program Files\dotnet\packs\Microsoft.NETCore.App.Ref\10.0.5\ref\net10.0\System.IO.FileSystem.DriveInfo.dll" /reference:"C:\Program Files\dotnet\packs\Microsoft.NETCore.App.Ref\10.0.5\ref\net10.0\System.IO.FileSystem.Primitives.dll" /reference:"C:\Program Files\dotnet\packs\Microsoft.NETCore.App.Ref\10.0.5\ref\net10.0\System.IO.FileSystem.Watcher.dll" /reference:"C:\Program Files\dotnet\packs\Microsoft.NETCore.App.Ref\10.0.5\ref\net10.0\System.IO.IsolatedStorage.dll" /reference:"C:\Program Files\dotnet\packs\Microsoft.NETCore.App.Ref\10.0.5\ref\net10.0\System.IO.MemoryMappedFiles.dll" /reference:"C:\Program Files\dotnet\packs\Microsoft.NETCore.App.Ref\10.0.5\ref\net10.0\System.IO.Pipelines.dll" /reference:"C:\Program Files\dotnet\packs\Microsoft.NETCore.App.Ref\10.0.5\ref\net10.0\System.IO.Pipes.AccessControl.dll" /reference:"C:\Program Files\dotnet\packs\Microsoft.NETCore.App.Ref\10.0.5\ref\net10.0\System.IO.Pipes.dll" /reference:"C:\Program Files\dotnet\packs\Microsoft.NETCore.App.Ref\10.0.5\ref\net10.0\System.IO.UnmanagedMemoryStream.dll" /reference:"C:\Program Files\dotnet\packs\Microsoft.NETCore.App.Ref\10.0.5\ref\net10.0\System.Linq.AsyncEnumerable.dll" /reference:"C:\Program Files\dotnet\packs\Microsoft.NETCore.App.Ref\10.0.5\ref\net10.0\System.Linq.dll" /reference:"C:\Program Files\dotnet\packs\Microsoft.NETCore.App.Ref\10.0.5\ref\net10.0\System.Linq.Expressions.dll" /reference:"C:\Program Files\dotnet\packs\Microsoft.NETCore.App.Ref\10.0.5\ref\net10.0\System.Linq.Parallel.dll" /reference:"C:\Program Files\dotnet\packs\Microsoft.NETCore.App.Ref\10.0.5\ref\net10.0\System.Linq.Queryable.dll" /reference:"C:\Program Files\dotnet\packs\Microsoft.NETCore.App.Ref\10.0.5\ref\net10.0\System.Memory.dll" /reference:"C:\Program Files\dotnet\packs\Microsoft.NETCore.App.Ref\10.0.5\ref\net10.0\System.Net.dll" /reference:"C:\Program Files\dotnet\packs\Microsoft.NETCore.App.Ref\10.0.5\ref\net10.0\System.Net.Http.dll" /reference:"C:\Program Files\dotnet\packs\Microsoft.NETCore.App.Ref\10.0.5\ref\net10.0\System.Net.Http.Json.dll" /reference:"C:\Program Files\dotnet\packs\Microsoft.NETCore.App.Ref\10.0.5\ref\net10.0\System.Net.HttpListener.dll" /reference:"C:\Program Files\dotnet\packs\Microsoft.NETCore.App.Ref\10.0.5\ref\net10.0\System.Net.Mail.dll" /reference:"C:\Program Files\dotnet\packs\Microsoft.NETCore.App.Ref\10.0.5\ref\net10.0\System.Net.NameResolution.dll" /reference:"C:\Program Files\dotnet\packs\Microsoft.NETCore.App.Ref\10.0.5\ref\net10.0\System.Net.NetworkInformation.dll" /reference:"C:\Program Files\dotnet\packs\Microsoft.NETCore.App.Ref\10.0.5\ref\net10.0\System.Net.Ping.dll" /reference:"C:\Program Files\dotnet\packs\Microsoft.NETCore.App.Ref\10.0.5\ref\net10.0\System.Net.Primitives.dll" /reference:"C:\Program Files\dotnet\packs\Microsoft.NETCore.App.Ref\10.0.5\ref\net10.0\System.Net.Quic.dll" /reference:"C:\Program Files\dotnet\packs\Microsoft.NETCore.App.Ref\10.0.5\ref\net10.0\System.Net.Requests.dll" /reference:"C:\Program Files\dotnet\packs\Microsoft.NETCore.App.Ref\10.0.5\ref\net10.0\System.Net.Security.dll" /reference:"C:\Program Files\dotnet\packs\Microsoft.NETCore.App.Ref\10.0.5\ref\net10.0\System.Net.ServerSentEvents.dll" /reference:"C:\Program Files\dotnet\packs\Microsoft.NETCore.App.Ref\10.0.5\ref\net10.0\System.Net.ServicePoint.dll" /reference:"C:\Program Files\dotnet\packs\Microsoft.NETCore.App.Ref\10.0.5\ref\net10.0\System.Net.Sockets.dll" /reference:"C:\Program Files\dotnet\packs\Microsoft.NETCore.App.Ref\10.0.5\ref\net10.0\System.Net.WebClient.dll" /reference:"C:\Program Files\dotnet\packs\Microsoft.NETCore.App.Ref\10.0.5\ref\net10.0\System.Net.WebHeaderCollection.dll" /reference:"C:\Program Files\dotnet\packs\Microsoft.NETCore.App.Ref\10.0.5\ref\net10.0\System.Net.WebProxy.dll" /reference:"C:\Program Files\dotnet\packs\Microsoft.NETCore.App.Ref\10.0.5\ref\net10.0\System.Net.WebSockets.Client.dll" /reference:"C:\Program Files\dotnet\packs\Microsoft.NETCore.App.Ref\10.0.5\ref\net10.0\System.Net.WebSockets.dll" /reference:"C:\Program Files\dotnet\packs\Microsoft.NETCore.App.Ref\10.0.5\ref\net10.0\System.Numerics.dll" /reference:"C:\Program Files\dotnet\packs\Microsoft.NETCore.App.Ref\10.0.5\ref\net10.0\System.Numerics.Vectors.dll" /reference:"C:\Program Files\dotnet\packs\Microsoft.NETCore.App.Ref\10.0.5\ref\net10.0\System.ObjectModel.dll" /reference:"C:\Program Files\dotnet\packs\Microsoft.NETCore.App.Ref\10.0.5\ref\net10.0\System.Reflection.DispatchProxy.dll" /reference:"C:\Program Files\dotnet\packs\Microsoft.NETCore.App.Ref\10.0.5\ref\net10.0\System.Reflection.dll" /reference:"C:\Program Files\dotnet\packs\Microsoft.NETCore.App.Ref\10.0.5\ref\net10.0\System.Reflection.Emit.dll" /reference:"C:\Program Files\dotnet\packs\Microsoft.NETCore.App.Ref\10.0.5\ref\net10.0\System.Reflection.Emit.ILGeneration.dll" /reference:"C:\Program Files\dotnet\packs\Microsoft.NETCore.App.Ref\10.0.5\ref\net10.0\System.Reflection.Emit.Lightweight.dll" /reference:"C:\Program Files\dotnet\packs\Microsoft.NETCore.App.Ref\10.0.5\ref\net10.0\System.Reflection.Extensions.dll" /reference:"C:\Program Files\dotnet\packs\Microsoft.NETCore.App.Ref\10.0.5\ref\net10.0\System.Reflection.Metadata.dll" /reference:"C:\Program Files\dotnet\packs\Microsoft.NETCore.App.Ref\10.0.5\ref\net10.0\System.Reflection.Primitives.dll" /reference:"C:\Program Files\dotnet\packs\Microsoft.NETCore.App.Ref\10.0.5\ref\net10.0\System.Reflection.TypeExtensions.dll" /reference:"C:\Program Files\dotnet\packs\Microsoft.NETCore.App.Ref\10.0.5\ref\net10.0\System.Resources.Reader.dll" /reference:"C:\Program Files\dotnet\packs\Microsoft.NETCore.App.Ref\10.0.5\ref\net10.0\System.Resources.ResourceManager.dll" /reference:"C:\Program Files\dotnet\packs\Microsoft.NETCore.App.Ref\10.0.5\ref\net10.0\System.Resources.Writer.dll" /reference:"C:\Program Files\dotnet\packs\Microsoft.NETCore.App.Ref\10.0.5\ref\net10.0\System.Runtime.CompilerServices.Unsafe.dll" /reference:"C:\Program Files\dotnet\packs\Microsoft.NETCore.App.Ref\10.0.5\ref\net10.0\System.Runtime.CompilerServices.VisualC.dll" /reference:"C:\Program Files\dotnet\packs\Microsoft.NETCore.App.Ref\10.0.5\ref\net10.0\System.Runtime.dll" /reference:"C:\Program Files\dotnet\packs\Microsoft.NETCore.App.Ref\10.0.5\ref\net10.0\System.Runtime.Extensions.dll" /reference:"C:\Program Files\dotnet\packs\Microsoft.NETCore.App.Ref\10.0.5\ref\net10.0\System.Runtime.Handles.dll" /reference:"C:\Program Files\dotnet\packs\Microsoft.NETCore.App.Ref\10.0.5\ref\net10.0\System.Runtime.InteropServices.dll" /reference:"C:\Program Files\dotnet\packs\Microsoft.NETCore.App.Ref\10.0.5\ref\net10.0\System.Runtime.InteropServices.JavaScript.dll" /reference:"C:\Program Files\dotnet\packs\Microsoft.NETCore.App.Ref\10.0.5\ref\net10.0\System.Runtime.InteropServices.RuntimeInformation.dll" /reference:"C:\Program Files\dotnet\packs\Microsoft.NETCore.App.Ref\10.0.5\ref\net10.0\System.Runtime.Intrinsics.dll" /reference:"C:\Program Files\dotnet\packs\Microsoft.NETCore.App.Ref\10.0.5\ref\net10.0\System.Runtime.Loader.dll" /reference:"C:\Program Files\dotnet\packs\Microsoft.NETCore.App.Ref\10.0.5\ref\net10.0\System.Runtime.Numerics.dll" /reference:"C:\Program Files\dotnet\packs\Microsoft.NETCore.App.Ref\10.0.5\ref\net10.0\System.Runtime.Serialization.dll" /reference:"C:\Program Files\dotnet\packs\Microsoft.NETCore.App.Ref\10.0.5\ref\net10.0\System.Runtime.Serialization.Formatters.dll" /reference:"C:\Program Files\dotnet\packs\Microsoft.NETCore.App.Ref\10.0.5\ref\net10.0\System.Runtime.Serialization.Json.dll" /reference:"C:\Program Files\dotnet\packs\Microsoft.NETCore.App.Ref\10.0.5\ref\net10.0\System.Runtime.Serialization.Primitives.dll" /reference:"C:\Program Files\dotnet\packs\Microsoft.NETCore.App.Ref\10.0.5\ref\net10.0\System.Runtime.Serialization.Xml.dll" /reference:"C:\Program Files\dotnet\packs\Microsoft.NETCore.App.Ref\10.0.5\ref\net10.0\System.Security.AccessControl.dll" /reference:"C:\Program Files\dotnet\packs\Microsoft.NETCore.App.Ref\10.0.5\ref\net10.0\System.Security.Claims.dll" /reference:"C:\Program Files\dotnet\packs\Microsoft.NETCore.App.Ref\10.0.5\ref\net10.0\System.Security.Cryptography.Algorithms.dll" /reference:"C:\Program Files\dotnet\packs\Microsoft.NETCore.App.Ref\10.0.5\ref\net10.0\System.Security.Cryptography.Cng.dll" /reference:"C:\Program Files\dotnet\packs\Microsoft.NETCore.App.Ref\10.0.5\ref\net10.0\System.Security.Cryptography.Csp.dll" /reference:"C:\Program Files\dotnet\packs\Microsoft.NETCore.App.Ref\10.0.5\ref\net10.0\System.Security.Cryptography.dll" /reference:"C:\Program Files\dotnet\packs\Microsoft.NETCore.App.Ref\10.0.5\ref\net10.0\System.Security.Cryptography.Encoding.dll" /reference:"C:\Program Files\dotnet\packs\Microsoft.NETCore.App.Ref\10.0.5\ref\net10.0\System.Security.Cryptography.OpenSsl.dll" /reference:"C:\Program Files\dotnet\packs\Microsoft.NETCore.App.Ref\10.0.5\ref\net10.0\System.Security.Cryptography.Primitives.dll" /reference:"C:\Program Files\dotnet\packs\Microsoft.NETCore.App.Ref\10.0.5\ref\net10.0\System.Security.Cryptography.X509Certificates.dll" /reference:"C:\Program Files\dotnet\packs\Microsoft.NETCore.App.Ref\10.0.5\ref\net10.0\System.Security.dll" /reference:"C:\Program Files\dotnet\packs\Microsoft.NETCore.App.Ref\10.0.5\ref\net10.0\System.Security.Principal.dll" /reference:"C:\Program Files\dotnet\packs\Microsoft.NETCore.App.Ref\10.0.5\ref\net10.0\System.Security.Principal.Windows.dll" /reference:"C:\Program Files\dotnet\packs\Microsoft.NETCore.App.Ref\10.0.5\ref\net10.0\System.Security.SecureString.dll" /reference:"C:\Program Files\dotnet\packs\Microsoft.NETCore.App.Ref\10.0.5\ref\net10.0\System.ServiceModel.Web.dll" /reference:"C:\Program Files\dotnet\packs\Microsoft.NETCore.App.Ref\10.0.5\ref\net10.0\System.ServiceProcess.dll" /reference:"C:\Program Files\dotnet\packs\Microsoft.NETCore.App.Ref\10.0.5\ref\net10.0\System.Text.Encoding.CodePages.dll" /reference:"C:\Program Files\dotnet\packs\Microsoft.NETCore.App.Ref\10.0.5\ref\net10.0\System.Text.Encoding.dll" /reference:"C:\Program Files\dotnet\packs\Microsoft.NETCore.App.Ref\10.0.5\ref\net10.0\System.Text.Encoding.Extensions.dll" /reference:"C:\Program Files\dotnet\packs\Microsoft.NETCore.App.Ref\10.0.5\ref\net10.0\System.Text.Encodings.Web.dll" /reference:"C:\Program Files\dotnet\packs\Microsoft.NETCore.App.Ref\10.0.5\ref\net10.0\System.Text.Json.dll" /reference:"C:\Program Files\dotnet\packs\Microsoft.NETCore.App.Ref\10.0.5\ref\net10.0\System.Text.RegularExpressions.dll" /reference:"C:\Program Files\dotnet\packs\Microsoft.NETCore.App.Ref\10.0.5\ref\net10.0\System.Threading.AccessControl.dll" /reference:"C:\Program Files\dotnet\packs\Microsoft.NETCore.App.Ref\10.0.5\ref\net10.0\System.Threading.Channels.dll" /reference:"C:\Program Files\dotnet\packs\Microsoft.NETCore.App.Ref\10.0.5\ref\net10.0\System.Threading.dll" /reference:"C:\Program Files\dotnet\packs\Microsoft.NETCore.App.Ref\10.0.5\ref\net10.0\System.Threading.Overlapped.dll" /reference:"C:\Program Files\dotnet\packs\Microsoft.NETCore.App.Ref\10.0.5\ref\net10.0\System.Threading.Tasks.Dataflow.dll" /reference:"C:\Program Files\dotnet\packs\Microsoft.NETCore.App.Ref\10.0.5\ref\net10.0\System.Threading.Tasks.dll" /reference:"C:\Program Files\dotnet\packs\Microsoft.NETCore.App.Ref\10.0.5\ref\net10.0\System.Threading.Tasks.Extensions.dll" /reference:"C:\Program Files\dotnet\packs\Microsoft.NETCore.App.Ref\10.0.5\ref\net10.0\System.Threading.Tasks.Parallel.dll" /reference:"C:\Program Files\dotnet\packs\Microsoft.NETCore.App.Ref\10.0.5\ref\net10.0\System.Threading.Thread.dll" /reference:"C:\Program Files\dotnet\packs\Microsoft.NETCore.App.Ref\10.0.5\ref\net10.0\System.Threading.ThreadPool.dll" /reference:"C:\Program Files\dotnet\packs\Microsoft.NETCore.App.Ref\10.0.5\ref\net10.0\System.Threading.Timer.dll" /reference:"C:\Program Files\dotnet\packs\Microsoft.NETCore.App.Ref\10.0.5\ref\net10.0\System.Transactions.dll" /reference:"C:\Program Files\dotnet\packs\Microsoft.NETCore.App.Ref\10.0.5\ref\net10.0\System.Transactions.Local.dll" /reference:"C:\Program Files\dotnet\packs\Microsoft.NETCore.App.Ref\10.0.5\ref\net10.0\System.ValueTuple.dll" /reference:"C:\Program Files\dotnet\packs\Microsoft.NETCore.App.Ref\10.0.5\ref\net10.0\System.Web.dll" /reference:"C:\Program Files\dotnet\packs\Microsoft.NETCore.App.Ref\10.0.5\ref\net10.0\System.Web.HttpUtility.dll" /reference:"C:\Program Files\dotnet\packs\Microsoft.NETCore.App.Ref\10.0.5\ref\net10.0\System.Windows.dll" /reference:"C:\Program Files\dotnet\packs\Microsoft.NETCore.App.Ref\10.0.5\ref\net10.0\System.Xml.dll" /reference:"C:\Program Files\dotnet\packs\Microsoft.NETCore.App.Ref\10.0.5\ref\net10.0\System.Xml.Linq.dll" /reference:"C:\Program Files\dotnet\packs\Microsoft.NETCore.App.Ref\10.0.5\ref\net10.0\System.Xml.ReaderWriter.dll" /reference:"C:\Program Files\dotnet\packs\Microsoft.NETCore.App.Ref\10.0.5\ref\net10.0\System.Xml.Serialization.dll" /reference:"C:\Program Files\dotnet\packs\Microsoft.NETCore.App.Ref\10.0.5\ref\net10.0\System.Xml.XDocument.dll" /reference:"C:\Program Files\dotnet\packs\Microsoft.NETCore.App.Ref\10.0.5\ref\net10.0\System.Xml.XmlDocument.dll" /reference:"C:\Program Files\dotnet\packs\Microsoft.NETCore.App.Ref\10.0.5\ref\net10.0\System.Xml.XmlSerializer.dll" /reference:"C:\Program Files\dotnet\packs\Microsoft.NETCore.App.Ref\10.0.5\ref\net10.0\System.Xml.XPath.dll" /reference:"C:\Program Files\dotnet\packs\Microsoft.NETCore.App.Ref\10.0.5\ref\net10.0\System.Xml.XPath.XDocument.dll" /reference:"C:\Program Files\dotnet\packs\Microsoft.NETCore.App.Ref\10.0.5\ref\net10.0\WindowsBase.dll" /features:"InterceptorsNamespaces=;Microsoft.Extensions.Validation.Generated" /debug+ /debug:portable /filealign:512 /optimize- /out:obj\Debug\net10.0\VoiceHeuristics.dll /refout:obj\Debug\net10.0\refint\VoiceHeuristics.dll /target:library /warnaserror- /utf8output /deterministic+ /sourcelink:obj\Debug\net10.0\VoiceHeuristics.sourcelink.json /langversion:14.0 /embed:obj\Debug\net10.0\VoiceHeuristics.GlobalUsings.g.cs /embed:"obj\Debug\net10.0\.NETCoreApp,Version=v10.0.AssemblyAttributes.cs" /embed:obj\Debug\net10.0\VoiceHeuristics.AssemblyInfo.cs /analyzerconfig:obj\Debug\net10.0\VoiceHeuristics.GeneratedMSBuildEditorConfig.editorconfig /analyzerconfig:"C:\Program Files\dotnet\sdk\10.0.300-preview.0.26177.108\Sdks\Microsoft.NET.Sdk\analyzers\build\config\analysislevel_10_default.globalconfig" /analyzer:"C:\Program Files\dotnet\sdk\10.0.300-preview.0.26177.108\Sdks\Microsoft.NET.Sdk\targets\..\analyzers\Microsoft.CodeAnalysis.CSharp.NetAnalyzers.dll" /analyzer:"C:\Program Files\dotnet\sdk\10.0.300-preview.0.26177.108\Sdks\Microsoft.NET.Sdk\targets\..\analyzers\Microsoft.CodeAnalysis.NetAnalyzers.dll" /analyzer:"C:\Program Files\dotnet\packs\Microsoft.NETCore.App.Ref\10.0.5\analyzers/dotnet/cs/Microsoft.Interop.ComInterfaceGenerator.dll" /analyzer:"C:\Program Files\dotnet\packs\Microsoft.NETCore.App.Ref\10.0.5\analyzers/dotnet/cs/Microsoft.Interop.JavaScript.JSImportGenerator.dll" /analyzer:"C:\Program Files\dotnet\packs\Microsoft.NETCore.App.Ref\10.0.5\analyzers/dotnet/cs/Microsoft.Interop.LibraryImportGenerator.dll" /analyzer:"C:\Program Files\dotnet\packs\Microsoft.NETCore.App.Ref\10.0.5\analyzers/dotnet/cs/Microsoft.Interop.SourceGeneration.dll" /analyzer:"C:\Program Files\dotnet\packs\Microsoft.NETCore.App.Ref\10.0.5\analyzers/dotnet/cs/System.Text.Json.SourceGeneration.dll" /analyzer:"C:\Program Files\dotnet\packs\Microsoft.NETCore.App.Ref\10.0.5\analyzers/dotnet/cs/System.Text.RegularExpressions.Generator.dll" VoiceInsertionHeuristics.cs obj\Debug\net10.0\VoiceHeuristics.GlobalUsings.g.cs "obj\Debug\net10.0\.NETCoreApp,Version=v10.0.AssemblyAttributes.cs" obj\Debug\net10.0\VoiceHeuristics.AssemblyInfo.cs /warnaserror+:NU1605,SYSLIB0011
         Compilation request VoiceHeuristics (net10.0), PathToTool=C:\Program Files\dotnet\sdk\10.0.300-preview.0.26177.108\Roslyn\bincore\csc.exe
         CommandLine = ' /noconfig'
         BuildResponseFile = '/unsafe- /checked- /nowarn:1701,1702,1701,1702,8002 /fullpaths /nostdlib+ /errorreport:prompt /warn:10 /doc:obj\Debug\net10.0\VoiceHeuristics.xml /define:TRACE;DEBUG;NET;NET10_0;NETCOREAPP;NET5_0_OR_GREATER;NET6_0_OR_GREATER;NET7_0_OR_GREATER;NET8_0_OR_GREATER;NET9_0_OR_GREATER;NET10_0_OR_GREATER;NETCOREAPP1_0_OR_GREATER;NETCOREAPP1_1_OR_GREATER;NETCOREAPP2_0_OR_GREATER;NETCOREAPP2_1_OR_GREATER;NETCOREAPP2_2_OR_GREATER;NETCOREAPP3_0_OR_GREATER;NETCOREAPP3_1_OR_GREATER /highentropyva+ /nullable:enable /reference:"C:\Program Files\dotnet\packs\Microsoft.NETCore.App.Ref\10.0.5\ref\net10.0\Microsoft.CSharp.dll" /reference:"C:\Program Files\dotnet\packs\Microsoft.NETCore.App.Ref\10.0.5\ref\net10.0\Microsoft.VisualBasic.Core.dll" /reference:"C:\Program Files\dotnet\packs\Microsoft.NETCore.App.Ref\10.0.5\ref\net10.0\Microsoft.VisualBasic.dll" /reference:"C:\Program Files\dotnet\packs\Microsoft.NETCore.App.Ref\10.0.5\ref\net10.0\Microsoft.Win32.Primitives.dll" /reference:"C:\Program Files\dotnet\packs\Microsoft.NETCore.App.Ref\10.0.5\ref\net10.0\Microsoft.Win32.Registry.dll" /reference:"C:\Program Files\dotnet\packs\Microsoft.NETCore.App.Ref\10.0.5\ref\net10.0\mscorlib.dll" /reference:"C:\Program Files\dotnet\packs\Microsoft.NETCore.App.Ref\10.0.5\ref\net10.0\netstandard.dll" /reference:"C:\Program Files\dotnet\packs\Microsoft.NETCore.App.Ref\10.0.5\ref\net10.0\System.AppContext.dll" /reference:"C:\Program Files\dotnet\packs\Microsoft.NETCore.App.Ref\10.0.5\ref\net10.0\System.Buffers.dll" /reference:"C:\Program Files\dotnet\packs\Microsoft.NETCore.App.Ref\10.0.5\ref\net10.0\System.Collections.Concurrent.dll" /reference:"C:\Program Files\dotnet\packs\Microsoft.NETCore.App.Ref\10.0.5\ref\net10.0\System.Collections.dll" /reference:"C:\Program Files\dotnet\packs\Microsoft.NETCore.App.Ref\10.0.5\ref\net10.0\System.Collections.Immutable.dll" /reference:"C:\Program Files\dotnet\packs\Microsoft.NETCore.App.Ref\10.0.5\ref\net10.0\System.Collections.NonGeneric.dll" /reference:"C:\Program Files\dotnet\packs\Microsoft.NETCore.App.Ref\10.0.5\ref\net10.0\System.Collections.Specialized.dll" /reference:"C:\Program Files\dotnet\packs\Microsoft.NETCore.App.Ref\10.0.5\ref\net10.0\System.ComponentModel.Annotations.dll" /reference:"C:\Program Files\dotnet\packs\Microsoft.NETCore.App.Ref\10.0.5\ref\net10.0\System.ComponentModel.DataAnnotations.dll" /reference:"C:\Program Files\dotnet\packs\Microsoft.NETCore.App.Ref\10.0.5\ref\net10.0\System.ComponentModel.dll" /reference:"C:\Program Files\dotnet\packs\Microsoft.NETCore.App.Ref\10.0.5\ref\net10.0\System.ComponentModel.EventBasedAsync.dll" /reference:"C:\Program Files\dotnet\packs\Microsoft.NETCore.App.Ref\10.0.5\ref\net10.0\System.ComponentModel.Primitives.dll" /reference:"C:\Program Files\dotnet\packs\Microsoft.NETCore.App.Ref\10.0.5\ref\net10.0\System.ComponentModel.TypeConverter.dll" /reference:"C:\Program Files\dotnet\packs\Microsoft.NETCore.App.Ref\10.0.5\ref\net10.0\System.Configuration.dll" /reference:"C:\Program Files\dotnet\packs\Microsoft.NETCore.App.Ref\10.0.5\ref\net10.0\System.Console.dll" /reference:"C:\Program Files\dotnet\packs\Microsoft.NETCore.App.Ref\10.0.5\ref\net10.0\System.Core.dll" /reference:"C:\Program Files\dotnet\packs\Microsoft.NETCore.App.Ref\10.0.5\ref\net10.0\System.Data.Common.dll" /reference:"C:\Program Files\dotnet\packs\Microsoft.NETCore.App.Ref\10.0.5\ref\net10.0\System.Data.DataSetExtensions.dll" /reference:"C:\Program Files\dotnet\packs\Microsoft.NETCore.App.Ref\10.0.5\ref\net10.0\System.Data.dll" /reference:"C:\Program Files\dotnet\packs\Microsoft.NETCore.App.Ref\10.0.5\ref\net10.0\System.Diagnostics.Contracts.dll" /reference:"C:\Program Files\dotnet\packs\Microsoft.NETCore.App.Ref\10.0.5\ref\net10.0\System.Diagnostics.Debug.dll" /reference:"C:\Program Files\dotnet\packs\Microsoft.NETCore.App.Ref\10.0.5\ref\net10.0\System.Diagnostics.DiagnosticSource.dll" /reference:"C:\Program Files\dotnet\packs\Microsoft.NETCore.App.Ref\10.0.5\ref\net10.0\System.Diagnostics.FileVersionInfo.dll" /reference:"C:\Program Files\dotnet\packs\Microsoft.NETCore.App.Ref\10.0.5\ref\net10.0\System.Diagnostics.Process.dll" /reference:"C:\Program Files\dotnet\packs\Microsoft.NETCore.App.Ref\10.0.5\ref\net10.0\System.Diagnostics.StackTrace.dll" /reference:"C:\Program Files\dotnet\packs\Microsoft.NETCore.App.Ref\10.0.5\ref\net10.0\System.Diagnostics.TextWriterTraceListener.dll" /reference:"C:\Program Files\dotnet\packs\Microsoft.NETCore.App.Ref\10.0.5\ref\net10.0\System.Diagnostics.Tools.dll" /reference:"C:\Program Files\dotnet\packs\Microsoft.NETCore.App.Ref\10.0.5\ref\net10.0\System.Diagnostics.TraceSource.dll" /reference:"C:\Program Files\dotnet\packs\Microsoft.NETCore.App.Ref\10.0.5\ref\net10.0\System.Diagnostics.Tracing.dll" /reference:"C:\Program Files\dotnet\packs\Microsoft.NETCore.App.Ref\10.0.5\ref\net10.0\System.dll" /reference:"C:\Program Files\dotnet\packs\Microsoft.NETCore.App.Ref\10.0.5\ref\net10.0\System.Drawing.dll" /reference:"C:\Program Files\dotnet\packs\Microsoft.NETCore.App.Ref\10.0.5\ref\net10.0\System.Drawing.Primitives.dll" /reference:"C:\Program Files\dotnet\packs\Microsoft.NETCore.App.Ref\10.0.5\ref\net10.0\System.Dynamic.Runtime.dll" /reference:"C:\Program Files\dotnet\packs\Microsoft.NETCore.App.Ref\10.0.5\ref\net10.0\System.Formats.Asn1.dll" /reference:"C:\Program Files\dotnet\packs\Microsoft.NETCore.App.Ref\10.0.5\ref\net10.0\System.Formats.Tar.dll" /reference:"C:\Program Files\dotnet\packs\Microsoft.NETCore.App.Ref\10.0.5\ref\net10.0\System.Globalization.Calendars.dll" /reference:"C:\Program Files\dotnet\packs\Microsoft.NETCore.App.Ref\10.0.5\ref\net10.0\System.Globalization.dll" /reference:"C:\Program Files\dotnet\packs\Microsoft.NETCore.App.Ref\10.0.5\ref\net10.0\System.Globalization.Extensions.dll" /reference:"C:\Program Files\dotnet\packs\Microsoft.NETCore.App.Ref\10.0.5\ref\net10.0\System.IO.Compression.Brotli.dll" /reference:"C:\Program Files\dotnet\packs\Microsoft.NETCore.App.Ref\10.0.5\ref\net10.0\System.IO.Compression.dll" /reference:"C:\Program Files\dotnet\packs\Microsoft.NETCore.App.Ref\10.0.5\ref\net10.0\System.IO.Compression.FileSystem.dll" /reference:"C:\Program Files\dotnet\packs\Microsoft.NETCore.App.Ref\10.0.5\ref\net10.0\System.IO.Compression.ZipFile.dll" /reference:"C:\Program Files\dotnet\packs\Microsoft.NETCore.App.Ref\10.0.5\ref\net10.0\System.IO.dll" /reference:"C:\Program Files\dotnet\packs\Microsoft.NETCore.App.Ref\10.0.5\ref\net10.0\System.IO.FileSystem.AccessControl.dll" /reference:"C:\Program Files\dotnet\packs\Microsoft.NETCore.App.Ref\10.0.5\ref\net10.0\System.IO.FileSystem.dll" /reference:"C:\Program Files\dotnet\packs\Microsoft.NETCore.App.Ref\10.0.5\ref\net10.0\System.IO.FileSystem.DriveInfo.dll" /reference:"C:\Program Files\dotnet\packs\Microsoft.NETCore.App.Ref\10.0.5\ref\net10.0\System.IO.FileSystem.Primitives.dll" /reference:"C:\Program Files\dotnet\packs\Microsoft.NETCore.App.Ref\10.0.5\ref\net10.0\System.IO.FileSystem.Watcher.dll" /reference:"C:\Program Files\dotnet\packs\Microsoft.NETCore.App.Ref\10.0.5\ref\net10.0\System.IO.IsolatedStorage.dll" /reference:"C:\Program Files\dotnet\packs\Microsoft.NETCore.App.Ref\10.0.5\ref\net10.0\System.IO.MemoryMappedFiles.dll" /reference:"C:\Program Files\dotnet\packs\Microsoft.NETCore.App.Ref\10.0.5\ref\net10.0\System.IO.Pipelines.dll" /reference:"C:\Program Files\dotnet\packs\Microsoft.NETCore.App.Ref\10.0.5\ref\net10.0\System.IO.Pipes.AccessControl.dll" /reference:"C:\Program Files\dotnet\packs\Microsoft.NETCore.App.Ref\10.0.5\ref\net10.0\System.IO.Pipes.dll" /reference:"C:\Program Files\dotnet\packs\Microsoft.NETCore.App.Ref\10.0.5\ref\net10.0\System.IO.UnmanagedMemoryStream.dll" /reference:"C:\Program Files\dotnet\packs\Microsoft.NETCore.App.Ref\10.0.5\ref\net10.0\System.Linq.AsyncEnumerable.dll" /reference:"C:\Program Files\dotnet\packs\Microsoft.NETCore.App.Ref\10.0.5\ref\net10.0\System.Linq.dll" /reference:"C:\Program Files\dotnet\packs\Microsoft.NETCore.App.Ref\10.0.5\ref\net10.0\System.Linq.Expressions.dll" /reference:"C:\Program Files\dotnet\packs\Microsoft.NETCore.App.Ref\10.0.5\ref\net10.0\System.Linq.Parallel.dll" /reference:"C:\Program Files\dotnet\packs\Microsoft.NETCore.App.Ref\10.0.5\ref\net10.0\System.Linq.Queryable.dll" /reference:"C:\Program Files\dotnet\packs\Microsoft.NETCore.App.Ref\10.0.5\ref\net10.0\System.Memory.dll" /reference:"C:\Program Files\dotnet\packs\Microsoft.NETCore.App.Ref\10.0.5\ref\net10.0\System.Net.dll" /reference:"C:\Program Files\dotnet\packs\Microsoft.NETCore.App.Ref\10.0.5\ref\net10.0\System.Net.Http.dll" /reference:"C:\Program Files\dotnet\packs\Microsoft.NETCore.App.Ref\10.0.5\ref\net10.0\System.Net.Http.Json.dll" /reference:"C:\Program Files\dotnet\packs\Microsoft.NETCore.App.Ref\10.0.5\ref\net10.0\System.Net.HttpListener.dll" /reference:"C:\Program Files\dotnet\packs\Microsoft.NETCore.App.Ref\10.0.5\ref\net10.0\System.Net.Mail.dll" /reference:"C:\Program Files\dotnet\packs\Microsoft.NETCore.App.Ref\10.0.5\ref\net10.0\System.Net.NameResolution.dll" /reference:"C:\Program Files\dotnet\packs\Microsoft.NETCore.App.Ref\10.0.5\ref\net10.0\System.Net.NetworkInformation.dll" /reference:"C:\Program Files\dotnet\packs\Microsoft.NETCore.App.Ref\10.0.5\ref\net10.0\System.Net.Ping.dll" /reference:"C:\Program Files\dotnet\packs\Microsoft.NETCore.App.Ref\10.0.5\ref\net10.0\System.Net.Primitives.dll" /reference:"C:\Program Files\dotnet\packs\Microsoft.NETCore.App.Ref\10.0.5\ref\net10.0\System.Net.Quic.dll" /reference:"C:\Program Files\dotnet\packs\Microsoft.NETCore.App.Ref\10.0.5\ref\net10.0\System.Net.Requests.dll" /reference:"C:\Program Files\dotnet\packs\Microsoft.NETCore.App.Ref\10.0.5\ref\net10.0\System.Net.Security.dll" /reference:"C:\Program Files\dotnet\packs\Microsoft.NETCore.App.Ref\10.0.5\ref\net10.0\System.Net.ServerSentEvents.dll" /reference:"C:\Program Files\dotnet\packs\Microsoft.NETCore.App.Ref\10.0.5\ref\net10.0\System.Net.ServicePoint.dll" /reference:"C:\Program Files\dotnet\packs\Microsoft.NETCore.App.Ref\10.0.5\ref\net10.0\System.Net.Sockets.dll" /reference:"C:\Program Files\dotnet\packs\Microsoft.NETCore.App.Ref\10.0.5\ref\net10.0\System.Net.WebClient.dll" /reference:"C:\Program Files\dotnet\packs\Microsoft.NETCore.App.Ref\10.0.5\ref\net10.0\System.Net.WebHeaderCollection.dll" /reference:"C:\Program Files\dotnet\packs\Microsoft.NETCore.App.Ref\10.0.5\ref\net10.0\System.Net.WebProxy.dll" /reference:"C:\Program Files\dotnet\packs\Microsoft.NETCore.App.Ref\10.0.5\ref\net10.0\System.Net.WebSockets.Client.dll" /reference:"C:\Program Files\dotnet\packs\Microsoft.NETCore.App.Ref\10.0.5\ref\net10.0\System.Net.WebSockets.dll" /reference:"C:\Program Files\dotnet\packs\Microsoft.NETCore.App.Ref\10.0.5\ref\net10.0\System.Numerics.dll" /reference:"C:\Program Files\dotnet\packs\Microsoft.NETCore.App.Ref\10.0.5\ref\net10.0\System.Numerics.Vectors.dll" /reference:"C:\Program Files\dotnet\packs\Microsoft.NETCore.App.Ref\10.0.5\ref\net10.0\System.ObjectModel.dll" /reference:"C:\Program Files\dotnet\packs\Microsoft.NETCore.App.Ref\10.0.5\ref\net10.0\System.Reflection.DispatchProxy.dll" /reference:"C:\Program Files\dotnet\packs\Microsoft.NETCore.App.Ref\10.0.5\ref\net10.0\System.Reflection.dll" /reference:"C:\Program Files\dotnet\packs\Microsoft.NETCore.App.Ref\10.0.5\ref\net10.0\System.Reflection.Emit.dll" /reference:"C:\Program Files\dotnet\packs\Microsoft.NETCore.App.Ref\10.0.5\ref\net10.0\System.Reflection.Emit.ILGeneration.dll" /reference:"C:\Program Files\dotnet\packs\Microsoft.NETCore.App.Ref\10.0.5\ref\net10.0\System.Reflection.Emit.Lightweight.dll" /reference:"C:\Program Files\dotnet\packs\Microsoft.NETCore.App.Ref\10.0.5\ref\net10.0\System.Reflection.Extensions.dll" /reference:"C:\Program Files\dotnet\packs\Microsoft.NETCore.App.Ref\10.0.5\ref\net10.0\System.Reflection.Metadata.dll" /reference:"C:\Program Files\dotnet\packs\Microsoft.NETCore.App.Ref\10.0.5\ref\net10.0\System.Reflection.Primitives.dll" /reference:"C:\Program Files\dotnet\packs\Microsoft.NETCore.App.Ref\10.0.5\ref\net10.0\System.Reflection.TypeExtensions.dll" /reference:"C:\Program Files\dotnet\packs\Microsoft.NETCore.App.Ref\10.0.5\ref\net10.0\System.Resources.Reader.dll" /reference:"C:\Program Files\dotnet\packs\Microsoft.NETCore.App.Ref\10.0.5\ref\net10.0\System.Resources.ResourceManager.dll" /reference:"C:\Program Files\dotnet\packs\Microsoft.NETCore.App.Ref\10.0.5\ref\net10.0\System.Resources.Writer.dll" /reference:"C:\Program Files\dotnet\packs\Microsoft.NETCore.App.Ref\10.0.5\ref\net10.0\System.Runtime.CompilerServices.Unsafe.dll" /reference:"C:\Program Files\dotnet\packs\Microsoft.NETCore.App.Ref\10.0.5\ref\net10.0\System.Runtime.CompilerServices.VisualC.dll" /reference:"C:\Program Files\dotnet\packs\Microsoft.NETCore.App.Ref\10.0.5\ref\net10.0\System.Runtime.dll" /reference:"C:\Program Files\dotnet\packs\Microsoft.NETCore.App.Ref\10.0.5\ref\net10.0\System.Runtime.Extensions.dll" /reference:"C:\Program Files\dotnet\packs\Microsoft.NETCore.App.Ref\10.0.5\ref\net10.0\System.Runtime.Handles.dll" /reference:"C:\Program Files\dotnet\packs\Microsoft.NETCore.App.Ref\10.0.5\ref\net10.0\System.Runtime.InteropServices.dll" /reference:"C:\Program Files\dotnet\packs\Microsoft.NETCore.App.Ref\10.0.5\ref\net10.0\System.Runtime.InteropServices.JavaScript.dll" /reference:"C:\Program Files\dotnet\packs\Microsoft.NETCore.App.Ref\10.0.5\ref\net10.0\System.Runtime.InteropServices.RuntimeInformation.dll" /reference:"C:\Program Files\dotnet\packs\Microsoft.NETCore.App.Ref\10.0.5\ref\net10.0\System.Runtime.Intrinsics.dll" /reference:"C:\Program Files\dotnet\packs\Microsoft.NETCore.App.Ref\10.0.5\ref\net10.0\System.Runtime.Loader.dll" /reference:"C:\Program Files\dotnet\packs\Microsoft.NETCore.App.Ref\10.0.5\ref\net10.0\System.Runtime.Numerics.dll" /reference:"C:\Program Files\dotnet\packs\Microsoft.NETCore.App.Ref\10.0.5\ref\net10.0\System.Runtime.Serialization.dll" /reference:"C:\Program Files\dotnet\packs\Microsoft.NETCore.App.Ref\10.0.5\ref\net10.0\System.Runtime.Serialization.Formatters.dll" /reference:"C:\Program Files\dotnet\packs\Microsoft.NETCore.App.Ref\10.0.5\ref\net10.0\System.Runtime.Serialization.Json.dll" /reference:"C:\Program Files\dotnet\packs\Microsoft.NETCore.App.Ref\10.0.5\ref\net10.0\System.Runtime.Serialization.Primitives.dll" /reference:"C:\Program Files\dotnet\packs\Microsoft.NETCore.App.Ref\10.0.5\ref\net10.0\System.Runtime.Serialization.Xml.dll" /reference:"C:\Program Files\dotnet\packs\Microsoft.NETCore.App.Ref\10.0.5\ref\net10.0\System.Security.AccessControl.dll" /reference:"C:\Program Files\dotnet\packs\Microsoft.NETCore.App.Ref\10.0.5\ref\net10.0\System.Security.Claims.dll" /reference:"C:\Program Files\dotnet\packs\Microsoft.NETCore.App.Ref\10.0.5\ref\net10.0\System.Security.Cryptography.Algorithms.dll" /reference:"C:\Program Files\dotnet\packs\Microsoft.NETCore.App.Ref\10.0.5\ref\net10.0\System.Security.Cryptography.Cng.dll" /reference:"C:\Program Files\dotnet\packs\Microsoft.NETCore.App.Ref\10.0.5\ref\net10.0\System.Security.Cryptography.Csp.dll" /reference:"C:\Program Files\dotnet\packs\Microsoft.NETCore.App.Ref\10.0.5\ref\net10.0\System.Security.Cryptography.dll" /reference:"C:\Program Files\dotnet\packs\Microsoft.NETCore.App.Ref\10.0.5\ref\net10.0\System.Security.Cryptography.Encoding.dll" /reference:"C:\Program Files\dotnet\packs\Microsoft.NETCore.App.Ref\10.0.5\ref\net10.0\System.Security.Cryptography.OpenSsl.dll" /reference:"C:\Program Files\dotnet\packs\Microsoft.NETCore.App.Ref\10.0.5\ref\net10.0\System.Security.Cryptography.Primitives.dll" /reference:"C:\Program Files\dotnet\packs\Microsoft.NETCore.App.Ref\10.0.5\ref\net10.0\System.Security.Cryptography.X509Certificates.dll" /reference:"C:\Program Files\dotnet\packs\Microsoft.NETCore.App.Ref\10.0.5\ref\net10.0\System.Security.dll" /reference:"C:\Program Files\dotnet\packs\Microsoft.NETCore.App.Ref\10.0.5\ref\net10.0\System.Security.Principal.dll" /reference:"C:\Program Files\dotnet\packs\Microsoft.NETCore.App.Ref\10.0.5\ref\net10.0\System.Security.Principal.Windows.dll" /reference:"C:\Program Files\dotnet\packs\Microsoft.NETCore.App.Ref\10.0.5\ref\net10.0\System.Security.SecureString.dll" /reference:"C:\Program Files\dotnet\packs\Microsoft.NETCore.App.Ref\10.0.5\ref\net10.0\System.ServiceModel.Web.dll" /reference:"C:\Program Files\dotnet\packs\Microsoft.NETCore.App.Ref\10.0.5\ref\net10.0\System.ServiceProcess.dll" /reference:"C:\Program Files\dotnet\packs\Microsoft.NETCore.App.Ref\10.0.5\ref\net10.0\System.Text.Encoding.CodePages.dll" /reference:"C:\Program Files\dotnet\packs\Microsoft.NETCore.App.Ref\10.0.5\ref\net10.0\System.Text.Encoding.dll" /reference:"C:\Program Files\dotnet\packs\Microsoft.NETCore.App.Ref\10.0.5\ref\net10.0\System.Text.Encoding.Extensions.dll" /reference:"C:\Program Files\dotnet\packs\Microsoft.NETCore.App.Ref\10.0.5\ref\net10.0\System.Text.Encodings.Web.dll" /reference:"C:\Program Files\dotnet\packs\Microsoft.NETCore.App.Ref\10.0.5\ref\net10.0\System.Text.Json.dll" /reference:"C:\Program Files\dotnet\packs\Microsoft.NETCore.App.Ref\10.0.5\ref\net10.0\System.Text.RegularExpressions.dll" /reference:"C:\Program Files\dotnet\packs\Microsoft.NETCore.App.Ref\10.0.5\ref\net10.0\System.Threading.AccessControl.dll" /reference:"C:\Program Files\dotnet\packs\Microsoft.NETCore.App.Ref\10.0.5\ref\net10.0\System.Threading.Channels.dll" /reference:"C:\Program Files\dotnet\packs\Microsoft.NETCore.App.Ref\10.0.5\ref\net10.0\System.Threading.dll" /reference:"C:\Program Files\dotnet\packs\Microsoft.NETCore.App.Ref\10.0.5\ref\net10.0\System.Threading.Overlapped.dll" /reference:"C:\Program Files\dotnet\packs\Microsoft.NETCore.App.Ref\10.0.5\ref\net10.0\System.Threading.Tasks.Dataflow.dll" /reference:"C:\Program Files\dotnet\packs\Microsoft.NETCore.App.Ref\10.0.5\ref\net10.0\System.Threading.Tasks.dll" /reference:"C:\Program Files\dotnet\packs\Microsoft.NETCore.App.Ref\10.0.5\ref\net10.0\System.Threading.Tasks.Extensions.dll" /reference:"C:\Program Files\dotnet\packs\Microsoft.NETCore.App.Ref\10.0.5\ref\net10.0\System.Threading.Tasks.Parallel.dll" /reference:"C:\Program Files\dotnet\packs\Microsoft.NETCore.App.Ref\10.0.5\ref\net10.0\System.Threading.Thread.dll" /reference:"C:\Program Files\dotnet\packs\Microsoft.NETCore.App.Ref\10.0.5\ref\net10.0\System.Threading.ThreadPool.dll" /reference:"C:\Program Files\dotnet\packs\Microsoft.NETCore.App.Ref\10.0.5\ref\net10.0\System.Threading.Timer.dll" /reference:"C:\Program Files\dotnet\packs\Microsoft.NETCore.App.Ref\10.0.5\ref\net10.0\System.Transactions.dll" /reference:"C:\Program Files\dotnet\packs\Microsoft.NETCore.App.Ref\10.0.5\ref\net10.0\System.Transactions.Local.dll" /reference:"C:\Program Files\dotnet\packs\Microsoft.NETCore.App.Ref\10.0.5\ref\net10.0\System.ValueTuple.dll" /reference:"C:\Program Files\dotnet\packs\Microsoft.NETCore.App.Ref\10.0.5\ref\net10.0\System.Web.dll" /reference:"C:\Program Files\dotnet\packs\Microsoft.NETCore.App.Ref\10.0.5\ref\net10.0\System.Web.HttpUtility.dll" /reference:"C:\Program Files\dotnet\packs\Microsoft.NETCore.App.Ref\10.0.5\ref\net10.0\System.Windows.dll" /reference:"C:\Program Files\dotnet\packs\Microsoft.NETCore.App.Ref\10.0.5\ref\net10.0\System.Xml.dll" /reference:"C:\Program Files\dotnet\packs\Microsoft.NETCore.App.Ref\10.0.5\ref\net10.0\System.Xml.Linq.dll" /reference:"C:\Program Files\dotnet\packs\Microsoft.NETCore.App.Ref\10.0.5\ref\net10.0\System.Xml.ReaderWriter.dll" /reference:"C:\Program Files\dotnet\packs\Microsoft.NETCore.App.Ref\10.0.5\ref\net10.0\System.Xml.Serialization.dll" /reference:"C:\Program Files\dotnet\packs\Microsoft.NETCore.App.Ref\10.0.5\ref\net10.0\System.Xml.XDocument.dll" /reference:"C:\Program Files\dotnet\packs\Microsoft.NETCore.App.Ref\10.0.5\ref\net10.0\System.Xml.XmlDocument.dll" /reference:"C:\Program Files\dotnet\packs\Microsoft.NETCore.App.Ref\10.0.5\ref\net10.0\System.Xml.XmlSerializer.dll" /reference:"C:\Program Files\dotnet\packs\Microsoft.NETCore.App.Ref\10.0.5\ref\net10.0\System.Xml.XPath.dll" /reference:"C:\Program Files\dotnet\packs\Microsoft.NETCore.App.Ref\10.0.5\ref\net10.0\System.Xml.XPath.XDocument.dll" /reference:"C:\Program Files\dotnet\packs\Microsoft.NETCore.App.Ref\10.0.5\ref\net10.0\WindowsBase.dll" /features:"InterceptorsNamespaces=;Microsoft.Extensions.Validation.Generated" /debug+ /debug:portable /filealign:512 /optimize- /out:obj\Debug\net10.0\VoiceHeuristics.dll /refout:obj\Debug\net10.0\refint\VoiceHeuristics.dll /target:library /warnaserror- /utf8output /deterministic+ /sourcelink:obj\Debug\net10.0\VoiceHeuristics.sourcelink.json /langversion:14.0 /embed:obj\Debug\net10.0\VoiceHeuristics.GlobalUsings.g.cs /embed:"obj\Debug\net10.0\.NETCoreApp,Version=v10.0.AssemblyAttributes.cs" /embed:obj\Debug\net10.0\VoiceHeuristics.AssemblyInfo.cs /analyzerconfig:obj\Debug\net10.0\VoiceHeuristics.GeneratedMSBuildEditorConfig.editorconfig /analyzerconfig:"C:\Program Files\dotnet\sdk\10.0.300-preview.0.26177.108\Sdks\Microsoft.NET.Sdk\analyzers\build\config\analysislevel_10_default.globalconfig" /analyzer:"C:\Program Files\dotnet\sdk\10.0.300-preview.0.26177.108\Sdks\Microsoft.NET.Sdk\targets\..\analyzers\Microsoft.CodeAnalysis.CSharp.NetAnalyzers.dll" /analyzer:"C:\Program Files\dotnet\sdk\10.0.300-preview.0.26177.108\Sdks\Microsoft.NET.Sdk\targets\..\analyzers\Microsoft.CodeAnalysis.NetAnalyzers.dll" /analyzer:"C:\Program Files\dotnet\packs\Microsoft.NETCore.App.Ref\10.0.5\analyzers/dotnet/cs/Microsoft.Interop.ComInterfaceGenerator.dll" /analyzer:"C:\Program Files\dotnet\packs\Microsoft.NETCore.App.Ref\10.0.5\analyzers/dotnet/cs/Microsoft.Interop.JavaScript.JSImportGenerator.dll" /analyzer:"C:\Program Files\dotnet\packs\Microsoft.NETCore.App.Ref\10.0.5\analyzers/dotnet/cs/Microsoft.Interop.LibraryImportGenerator.dll" /analyzer:"C:\Program Files\dotnet\packs\Microsoft.NETCore.App.Ref\10.0.5\analyzers/dotnet/cs/Microsoft.Interop.SourceGeneration.dll" /analyzer:"C:\Program Files\dotnet\packs\Microsoft.NETCore.App.Ref\10.0.5\analyzers/dotnet/cs/System.Text.Json.SourceGeneration.dll" /analyzer:"C:\Program Files\dotnet\packs\Microsoft.NETCore.App.Ref\10.0.5\analyzers/dotnet/cs/System.Text.RegularExpressions.Generator.dll" VoiceInsertionHeuristics.cs obj\Debug\net10.0\VoiceHeuristics.GlobalUsings.g.cs "obj\Debug\net10.0\.NETCoreApp,Version=v10.0.AssemblyAttributes.cs" obj\Debug\net10.0\VoiceHeuristics.AssemblyInfo.cs /warnaserror+:NU1605,SYSLIB0011'
         Attempt to open named pipe 'QkL2Vv_oe_VpP6hDVJa9DeVJ1Gy24DBrSEbGjW2CSxk'
         Attempt to connect named pipe 'QkL2Vv_oe_VpP6hDVJa9DeVJ1Gy24DBrSEbGjW2CSxk'
         Named pipe 'QkL2Vv_oe_VpP6hDVJa9DeVJ1Gy24DBrSEbGjW2CSxk' connected
         Begin writing request for VoiceHeuristics (net10.0)
         End writing request for VoiceHeuristics (net10.0)
         Begin reading response for VoiceHeuristics (net10.0)
         End reading response for VoiceHeuristics (net10.0)
         CompilerServer: server - server processed compilation - VoiceHeuristics (net10.0)
       GenerateBuildDependencyFile:
       Skipping target "GenerateBuildDependencyFile" because all output files are up-to-date with respect to the input files.
       CopyFilesToOutputDirectory:
         Copying file from "D:\Drive\Source\SquadDash-public\VoiceHeuristics\obj\Debug\net10.0\VoiceHeuristics.dll" to "D:\Drive\Source\SquadDash-public\VoiceHeuristics\bin\Debug\net10.0\VoiceHeuristics.dll".
         Copying reference assembly from "obj\Debug\net10.0\refint\VoiceHeuristics.dll" to "D:\Drive\Source\SquadDash-public\VoiceHeuristics\obj\Debug\net10.0\ref\VoiceHeuristics.dll".
         VoiceHeuristics -> D:\Drive\Source\SquadDash-public\VoiceHeuristics\bin\Debug\net10.0\VoiceHeuristics.dll
         Copying file from "D:\Drive\Source\SquadDash-public\VoiceHeuristics\obj\Debug\net10.0\VoiceHeuristics.pdb" to "D:\Drive\Source\SquadDash-public\VoiceHeuristics\bin\Debug\net10.0\VoiceHeuristics.pdb".
         Copying file from "D:\Drive\Source\SquadDash-public\VoiceHeuristics\obj\Debug\net10.0\VoiceHeuristics.xml" to "D:\Drive\Source\SquadDash-public\VoiceHeuristics\bin\Debug\net10.0\VoiceHeuristics.xml".
     2>Done Building Project "D:\Drive\Source\SquadDash-public\VoiceHeuristics\VoiceHeuristics.csproj" (default targets).
     1>GenerateTargetFrameworkMonikerAttribute:
       Skipping target "GenerateTargetFrameworkMonikerAttribute" because all output files are up-to-date with respect to the input files.
       _GenerateSourceLinkFile:
         Updating Source Link file 'obj\Debug\net10.0-windows\SquadDash.Tests.sourcelink.json'.
       CoreCompile:
         Setting DOTNET_ROOT to 'C:\Program Files\dotnet'
         C:\Program Files\dotnet\sdk\10.0.300-preview.0.26177.108\Roslyn\bincore\csc.exe /noconfig /unsafe- /checked- /nowarn:1701,1702,1701,1702,8002 /fullpaths /nostdlib+ /errorreport:prompt /warn:10 /define:TRACE;DEBUG;NET;NET10_0;NETCOREAPP;WINDOWS;WINDOWS7_0;NET5_0_OR_GREATER;NET6_0_OR_GREATER;NET7_0_OR_GREATER;NET8_0_OR_GREATER;NET9_0_OR_GREATER;NET10_0_OR_GREATER;NETCOREAPP3_0_OR_GREATER;NETCOREAPP3_1_OR_GREATER;WINDOWS7_0_OR_GREATER /highentropyva+ /nullable:enable /reference:"C:\Program Files\dotnet\packs\Microsoft.WindowsDesktop.App.Ref\10.0.5\ref\net10.0\Accessibility.dll" /reference:C:\Users\Mark\.nuget\packages\azure.core\1.44.1\lib\net6.0\Azure.Core.dll /reference:C:\Users\Mark\.nuget\packages\microsoft.bcl.asyncinterfaces\6.0.0\lib\netstandard2.1\Microsoft.Bcl.AsyncInterfaces.dll /reference:C:\Users\Mark\.nuget\packages\microsoft.cognitiveservices.speech\1.49.0\lib\netstandard2.0\Microsoft.CognitiveServices.Speech.csharp.dll /reference:"C:\Program Files\dotnet\packs\Microsoft.NETCore.App.Ref\10.0.5\ref\net10.0\Microsoft.CSharp.dll" /reference:C:\Users\Mark\.nuget\packages\microsoft.testplatform.testhost\17.14.1\lib\net8.0\Microsoft.TestPlatform.CommunicationUtilities.dll /reference:C:\Users\Mark\.nuget\packages\microsoft.testplatform.testhost\17.14.1\lib\net8.0\Microsoft.TestPlatform.CoreUtilities.dll /reference:C:\Users\Mark\.nuget\packages\microsoft.testplatform.testhost\17.14.1\lib\net8.0\Microsoft.TestPlatform.CrossPlatEngine.dll /reference:C:\Users\Mark\.nuget\packages\microsoft.testplatform.testhost\17.14.1\lib\net8.0\Microsoft.TestPlatform.PlatformAbstractions.dll /reference:C:\Users\Mark\.nuget\packages\microsoft.testplatform.testhost\17.14.1\lib\net8.0\Microsoft.TestPlatform.Utilities.dll /reference:"C:\Program Files\dotnet\packs\Microsoft.NETCore.App.Ref\10.0.5\ref\net10.0\Microsoft.VisualBasic.Core.dll" /reference:"C:\Program Files\dotnet\packs\Microsoft.WindowsDesktop.App.Ref\10.0.5\ref\net10.0\Microsoft.VisualBasic.dll" /reference:"C:\Program Files\dotnet\packs\Microsoft.WindowsDesktop.App.Ref\10.0.5\ref\net10.0\Microsoft.VisualBasic.Forms.dll" /reference:C:\Users\Mark\.nuget\packages\microsoft.codecoverage\17.14.1\lib\net8.0\Microsoft.VisualStudio.CodeCoverage.Shim.dll /reference:C:\Users\Mark\.nuget\packages\microsoft.testplatform.testhost\17.14.1\lib\net8.0\Microsoft.VisualStudio.TestPlatform.Common.dll /reference:C:\Users\Mark\.nuget\packages\microsoft.testplatform.testhost\17.14.1\lib\net8.0\Microsoft.VisualStudio.TestPlatform.ObjectModel.dll /reference:"C:\Program Files\dotnet\packs\Microsoft.NETCore.App.Ref\10.0.5\ref\net10.0\Microsoft.Win32.Primitives.dll" /reference:"C:\Program Files\dotnet\packs\Microsoft.WindowsDesktop.App.Ref\10.0.5\ref\net10.0\Microsoft.Win32.Registry.AccessControl.dll" /reference:"C:\Program Files\dotnet\packs\Microsoft.NETCore.App.Ref\10.0.5\ref\net10.0\Microsoft.Win32.Registry.dll" /reference:"C:\Program Files\dotnet\packs\Microsoft.WindowsDesktop.App.Ref\10.0.5\ref\net10.0\Microsoft.Win32.SystemEvents.dll" /reference:"C:\Program Files\dotnet\packs\Microsoft.NETCore.App.Ref\10.0.5\ref\net10.0\mscorlib.dll" /reference:C:\Users\Mark\.nuget\packages\naudio.asio\2.3.0\lib\net8.0-windows7.0\NAudio.Asio.dll /reference:C:\Users\Mark\.nuget\packages\naudio.core\2.3.0\lib\netstandard2.0\NAudio.Core.dll /reference:C:\Users\Mark\.nuget\packages\naudio\2.3.0\lib\net6.0-windows7.0\NAudio.dll /reference:C:\Users\Mark\.nuget\packages\naudio.midi\2.3.0\lib\netstandard2.0\NAudio.Midi.dll /reference:C:\Users\Mark\.nuget\packages\naudio.wasapi\2.3.0\lib\netstandard2.0\NAudio.Wasapi.dll /reference:C:\Users\Mark\.nuget\packages\naudio.winforms\2.3.0\lib\netcoreapp3.1\NAudio.WinForms.dll /reference:C:\Users\Mark\.nuget\packages\naudio.winmm\2.3.0\lib\net6.0\NAudio.WinMM.dll /reference:"C:\Program Files\dotnet\packs\Microsoft.NETCore.App.Ref\10.0.5\ref\net10.0\netstandard.dll" /reference:C:\Users\Mark\.nuget\packages\newtonsoft.json\13.0.3\lib\net6.0\Newtonsoft.Json.dll /reference:C:\Users\Mark\.nuget\packages\nunit\4.4.0\lib\net8.0\nunit.framework.dll /reference:C:\Users\Mark\.nuget\packages\nunit\4.4.0\lib\net8.0\nunit.framework.legacy.dll /reference:"C:\Program Files\dotnet\packs\Microsoft.WindowsDesktop.App.Ref\10.0.5\ref\net10.0\PresentationCore.dll" /reference:"C:\Program Files\dotnet\packs\Microsoft.WindowsDesktop.App.Ref\10.0.5\ref\net10.0\PresentationFramework.Aero.dll" /reference:"C:\Program Files\dotnet\packs\Microsoft.WindowsDesktop.App.Ref\10.0.5\ref\net10.0\PresentationFramework.Aero2.dll" /reference:"C:\Program Files\dotnet\packs\Microsoft.WindowsDesktop.App.Ref\10.0.5\ref\net10.0\PresentationFramework.AeroLite.dll" /reference:"C:\Program Files\dotnet\packs\Microsoft.WindowsDesktop.App.Ref\10.0.5\ref\net10.0\PresentationFramework.Classic.dll" /reference:"C:\Program Files\dotnet\packs\Microsoft.WindowsDesktop.App.Ref\10.0.5\ref\net10.0\PresentationFramework.dll" /reference:"C:\Program Files\dotnet\packs\Microsoft.WindowsDesktop.App.Ref\10.0.5\ref\net10.0\PresentationFramework.Luna.dll" /reference:"C:\Program Files\dotnet\packs\Microsoft.WindowsDesktop.App.Ref\10.0.5\ref\net10.0\PresentationFramework.Royale.dll" /reference:"C:\Program Files\dotnet\packs\Microsoft.WindowsDesktop.App.Ref\10.0.5\ref\net10.0\PresentationUI.dll" /reference:"C:\Program Files\dotnet\packs\Microsoft.WindowsDesktop.App.Ref\10.0.5\ref\net10.0\ReachFramework.dll" /reference:"C:\Program Files\dotnet\packs\Microsoft.NETCore.App.Ref\10.0.5\ref\net10.0\System.AppContext.dll" /reference:"C:\Program Files\dotnet\packs\Microsoft.NETCore.App.Ref\10.0.5\ref\net10.0\System.Buffers.dll" /reference:C:\Users\Mark\.nuget\packages\system.clientmodel\1.1.0\lib\net6.0\System.ClientModel.dll /reference:"C:\Program Files\dotnet\packs\Microsoft.WindowsDesktop.App.Ref\10.0.5\ref\net10.0\System.CodeDom.dll" /reference:"C:\Program Files\dotnet\packs\Microsoft.NETCore.App.Ref\10.0.5\ref\net10.0\System.Collections.Concurrent.dll" /reference:"C:\Program Files\dotnet\packs\Microsoft.NETCore.App.Ref\10.0.5\ref\net10.0\System.Collections.dll" /reference:"C:\Program Files\dotnet\packs\Microsoft.NETCore.App.Ref\10.0.5\ref\net10.0\System.Collections.Immutable.dll" /reference:"C:\Program Files\dotnet\packs\Microsoft.NETCore.App.Ref\10.0.5\ref\net10.0\System.Collections.NonGeneric.dll" /reference:"C:\Program Files\dotnet\packs\Microsoft.NETCore.App.Ref\10.0.5\ref\net10.0\System.Collections.Specialized.dll" /reference:"C:\Program Files\dotnet\packs\Microsoft.NETCore.App.Ref\10.0.5\ref\net10.0\System.ComponentModel.Annotations.dll" /reference:"C:\Program Files\dotnet\packs\Microsoft.NETCore.App.Ref\10.0.5\ref\net10.0\System.ComponentModel.DataAnnotations.dll" /reference:"C:\Program Files\dotnet\packs\Microsoft.NETCore.App.Ref\10.0.5\ref\net10.0\System.ComponentModel.dll" /reference:"C:\Program Files\dotnet\packs\Microsoft.NETCore.App.Ref\10.0.5\ref\net10.0\System.ComponentModel.EventBasedAsync.dll" /reference:"C:\Program Files\dotnet\packs\Microsoft.NETCore.App.Ref\10.0.5\ref\net10.0\System.ComponentModel.Primitives.dll" /reference:"C:\Program Files\dotnet\packs\Microsoft.NETCore.App.Ref\10.0.5\ref\net10.0\System.ComponentModel.TypeConverter.dll" /reference:"C:\Program Files\dotnet\packs\Microsoft.WindowsDesktop.App.Ref\10.0.5\ref\net10.0\System.Configuration.ConfigurationManager.dll" /reference:"C:\Program Files\dotnet\packs\Microsoft.NETCore.App.Ref\10.0.5\ref\net10.0\System.Configuration.dll" /reference:"C:\Program Files\dotnet\packs\Microsoft.NETCore.App.Ref\10.0.5\ref\net10.0\System.Console.dll" /reference:"C:\Program Files\dotnet\packs\Microsoft.NETCore.App.Ref\10.0.5\ref\net10.0\System.Core.dll" /reference:"C:\Program Files\dotnet\packs\Microsoft.NETCore.App.Ref\10.0.5\ref\net10.0\System.Data.Common.dll" /reference:"C:\Program Files\dotnet\packs\Microsoft.NETCore.App.Ref\10.0.5\ref\net10.0\System.Data.DataSetExtensions.dll" /reference:"C:\Program Files\dotnet\packs\Microsoft.NETCore.App.Ref\10.0.5\ref\net10.0\System.Data.dll" /reference:"C:\Program Files\dotnet\packs\Microsoft.WindowsDesktop.App.Ref\10.0.5\ref\net10.0\System.Design.dll" /reference:"C:\Program Files\dotnet\packs\Microsoft.NETCore.App.Ref\10.0.5\ref\net10.0\System.Diagnostics.Contracts.dll" /reference:"C:\Program Files\dotnet\packs\Microsoft.NETCore.App.Ref\10.0.5\ref\net10.0\System.Diagnostics.Debug.dll" /reference:"C:\Program Files\dotnet\packs\Microsoft.NETCore.App.Ref\10.0.5\ref\net10.0\System.Diagnostics.DiagnosticSource.dll" /reference:"C:\Program Files\dotnet\packs\Microsoft.WindowsDesktop.App.Ref\10.0.5\ref\net10.0\System.Diagnostics.EventLog.dll" /reference:"C:\Program Files\dotnet\packs\Microsoft.NETCore.App.Ref\10.0.5\ref\net10.0\System.Diagnostics.FileVersionInfo.dll" /reference:"C:\Program Files\dotnet\packs\Microsoft.WindowsDesktop.App.Ref\10.0.5\ref\net10.0\System.Diagnostics.PerformanceCounter.dll" /reference:"C:\Program Files\dotnet\packs\Microsoft.NETCore.App.Ref\10.0.5\ref\net10.0\System.Diagnostics.Process.dll" /reference:"C:\Program Files\dotnet\packs\Microsoft.NETCore.App.Ref\10.0.5\ref\net10.0\System.Diagnostics.StackTrace.dll" /reference:"C:\Program Files\dotnet\packs\Microsoft.NETCore.App.Ref\10.0.5\ref\net10.0\System.Diagnostics.TextWriterTraceListener.dll" /reference:"C:\Program Files\dotnet\packs\Microsoft.NETCore.App.Ref\10.0.5\ref\net10.0\System.Diagnostics.Tools.dll" /reference:"C:\Program Files\dotnet\packs\Microsoft.NETCore.App.Ref\10.0.5\ref\net10.0\System.Diagnostics.TraceSource.dll" /reference:"C:\Program Files\dotnet\packs\Microsoft.NETCore.App.Ref\10.0.5\ref\net10.0\System.Diagnostics.Tracing.dll" /reference:"C:\Program Files\dotnet\packs\Microsoft.WindowsDesktop.App.Ref\10.0.5\ref\net10.0\System.DirectoryServices.dll" /reference:"C:\Program Files\dotnet\packs\Microsoft.NETCore.App.Ref\10.0.5\ref\net10.0\System.dll" /reference:"C:\Program Files\dotnet\packs\Microsoft.WindowsDesktop.App.Ref\10.0.5\ref\net10.0\System.Drawing.Common.dll" /reference:"C:\Program Files\dotnet\packs\Microsoft.WindowsDesktop.App.Ref\10.0.5\ref\net10.0\System.Drawing.Design.dll" /reference:"C:\Program Files\dotnet\packs\Microsoft.WindowsDesktop.App.Ref\10.0.5\ref\net10.0\System.Drawing.dll" /reference:"C:\Program Files\dotnet\packs\Microsoft.NETCore.App.Ref\10.0.5\ref\net10.0\System.Drawing.Primitives.dll" /reference:"C:\Program Files\dotnet\packs\Microsoft.NETCore.App.Ref\10.0.5\ref\net10.0\System.Dynamic.Runtime.dll" /reference:"C:\Program Files\dotnet\packs\Microsoft.NETCore.App.Ref\10.0.5\ref\net10.0\System.Formats.Asn1.dll" /reference:"C:\Program Files\dotnet\packs\Microsoft.WindowsDesktop.App.Ref\10.0.5\ref\net10.0\System.Formats.Nrbf.dll" /reference:"C:\Program Files\dotnet\packs\Microsoft.NETCore.App.Ref\10.0.5\ref\net10.0\System.Formats.Tar.dll" /reference:"C:\Program Files\dotnet\packs\Microsoft.NETCore.App.Ref\10.0.5\ref\net10.0\System.Globalization.Calendars.dll" /reference:"C:\Program Files\dotnet\packs\Microsoft.NETCore.App.Ref\10.0.5\ref\net10.0\System.Globalization.dll" /reference:"C:\Program Files\dotnet\packs\Microsoft.NETCore.App.Ref\10.0.5\ref\net10.0\System.Globalization.Extensions.dll" /reference:"C:\Program Files\dotnet\packs\Microsoft.NETCore.App.Ref\10.0.5\ref\net10.0\System.IO.Compression.Brotli.dll" /reference:"C:\Program Files\dotnet\packs\Microsoft.NETCore.App.Ref\10.0.5\ref\net10.0\System.IO.Compression.dll" /reference:"C:\Program Files\dotnet\packs\Microsoft.NETCore.App.Ref\10.0.5\ref\net10.0\System.IO.Compression.FileSystem.dll" /reference:"C:\Program Files\dotnet\packs\Microsoft.NETCore.App.Ref\10.0.5\ref\net10.0\System.IO.Compression.ZipFile.dll" /reference:"C:\Program Files\dotnet\packs\Microsoft.NETCore.App.Ref\10.0.5\ref\net10.0\System.IO.dll" /reference:"C:\Program Files\dotnet\packs\Microsoft.NETCore.App.Ref\10.0.5\ref\net10.0\System.IO.FileSystem.AccessControl.dll" /reference:"C:\Program Files\dotnet\packs\Microsoft.NETCore.App.Ref\10.0.5\ref\net10.0\System.IO.FileSystem.dll" /reference:"C:\Program Files\dotnet\packs\Microsoft.NETCore.App.Ref\10.0.5\ref\net10.0\System.IO.FileSystem.DriveInfo.dll" /reference:"C:\Program Files\dotnet\packs\Microsoft.NETCore.App.Ref\10.0.5\ref\net10.0\System.IO.FileSystem.Primitives.dll" /reference:"C:\Program Files\dotnet\packs\Microsoft.NETCore.App.Ref\10.0.5\ref\net10.0\System.IO.FileSystem.Watcher.dll" /reference:"C:\Program Files\dotnet\packs\Microsoft.NETCore.App.Ref\10.0.5\ref\net10.0\System.IO.IsolatedStorage.dll" /reference:"C:\Program Files\dotnet\packs\Microsoft.NETCore.App.Ref\10.0.5\ref\net10.0\System.IO.MemoryMappedFiles.dll" /reference:"C:\Program Files\dotnet\packs\Microsoft.WindowsDesktop.App.Ref\10.0.5\ref\net10.0\System.IO.Packaging.dll" /reference:"C:\Program Files\dotnet\packs\Microsoft.NETCore.App.Ref\10.0.5\ref\net10.0\System.IO.Pipelines.dll" /reference:"C:\Program Files\dotnet\packs\Microsoft.NETCore.App.Ref\10.0.5\ref\net10.0\System.IO.Pipes.AccessControl.dll" /reference:"C:\Program Files\dotnet\packs\Microsoft.NETCore.App.Ref\10.0.5\ref\net10.0\System.IO.Pipes.dll" /reference:"C:\Program Files\dotnet\packs\Microsoft.NETCore.App.Ref\10.0.5\ref\net10.0\System.IO.UnmanagedMemoryStream.dll" /reference:"C:\Program Files\dotnet\packs\Microsoft.NETCore.App.Ref\10.0.5\ref\net10.0\System.Linq.AsyncEnumerable.dll" /reference:"C:\Program Files\dotnet\packs\Microsoft.NETCore.App.Ref\10.0.5\ref\net10.0\System.Linq.dll" /reference:"C:\Program Files\dotnet\packs\Microsoft.NETCore.App.Ref\10.0.5\ref\net10.0\System.Linq.Expressions.dll" /reference:"C:\Program Files\dotnet\packs\Microsoft.NETCore.App.Ref\10.0.5\ref\net10.0\System.Linq.Parallel.dll" /reference:"C:\Program Files\dotnet\packs\Microsoft.NETCore.App.Ref\10.0.5\ref\net10.0\System.Linq.Queryable.dll" /reference:C:\Users\Mark\.nuget\packages\system.memory.data\6.0.0\lib\net6.0\System.Memory.Data.dll /reference:"C:\Program Files\dotnet\packs\Microsoft.NETCore.App.Ref\10.0.5\ref\net10.0\System.Memory.dll" /reference:"C:\Program Files\dotnet\packs\Microsoft.NETCore.App.Ref\10.0.5\ref\net10.0\System.Net.dll" /reference:"C:\Program Files\dotnet\packs\Microsoft.NETCore.App.Ref\10.0.5\ref\net10.0\System.Net.Http.dll" /reference:"C:\Program Files\dotnet\packs\Microsoft.NETCore.App.Ref\10.0.5\ref\net10.0\System.Net.Http.Json.dll" /reference:"C:\Program Files\dotnet\packs\Microsoft.NETCore.App.Ref\10.0.5\ref\net10.0\System.Net.HttpListener.dll" /reference:"C:\Program Files\dotnet\packs\Microsoft.NETCore.App.Ref\10.0.5\ref\net10.0\System.Net.Mail.dll" /reference:"C:\Program Files\dotnet\packs\Microsoft.NETCore.App.Ref\10.0.5\ref\net10.0\System.Net.NameResolution.dll" /reference:"C:\Program Files\dotnet\packs\Microsoft.NETCore.App.Ref\10.0.5\ref\net10.0\System.Net.NetworkInformation.dll" /reference:"C:\Program Files\dotnet\packs\Microsoft.NETCore.App.Ref\10.0.5\ref\net10.0\System.Net.Ping.dll" /reference:"C:\Program Files\dotnet\packs\Microsoft.NETCore.App.Ref\10.0.5\ref\net10.0\System.Net.Primitives.dll" /reference:"C:\Program Files\dotnet\packs\Microsoft.NETCore.App.Ref\10.0.5\ref\net10.0\System.Net.Quic.dll" /reference:"C:\Program Files\dotnet\packs\Microsoft.NETCore.App.Ref\10.0.5\ref\net10.0\System.Net.Requests.dll" /reference:"C:\Program Files\dotnet\packs\Microsoft.NETCore.App.Ref\10.0.5\ref\net10.0\System.Net.Security.dll" /reference:"C:\Program Files\dotnet\packs\Microsoft.NETCore.App.Ref\10.0.5\ref\net10.0\System.Net.ServerSentEvents.dll" /reference:"C:\Program Files\dotnet\packs\Microsoft.NETCore.App.Ref\10.0.5\ref\net10.0\System.Net.ServicePoint.dll" /reference:"C:\Program Files\dotnet\packs\Microsoft.NETCore.App.Ref\10.0.5\ref\net10.0\System.Net.Sockets.dll" /reference:"C:\Program Files\dotnet\packs\Microsoft.NETCore.App.Ref\10.0.5\ref\net10.0\System.Net.WebClient.dll" /reference:"C:\Program Files\dotnet\packs\Microsoft.NETCore.App.Ref\10.0.5\ref\net10.0\System.Net.WebHeaderCollection.dll" /reference:"C:\Program Files\dotnet\packs\Microsoft.NETCore.App.Ref\10.0.5\ref\net10.0\System.Net.WebProxy.dll" /reference:"C:\Program Files\dotnet\packs\Microsoft.NETCore.App.Ref\10.0.5\ref\net10.0\System.Net.WebSockets.Client.dll" /reference:"C:\Program Files\dotnet\packs\Microsoft.NETCore.App.Ref\10.0.5\ref\net10.0\System.Net.WebSockets.dll" /reference:"C:\Program Files\dotnet\packs\Microsoft.NETCore.App.Ref\10.0.5\ref\net10.0\System.Numerics.dll" /reference:"C:\Program Files\dotnet\packs\Microsoft.NETCore.App.Ref\10.0.5\ref\net10.0\System.Numerics.Vectors.dll" /reference:"C:\Program Files\dotnet\packs\Microsoft.NETCore.App.Ref\10.0.5\ref\net10.0\System.ObjectModel.dll" /reference:"C:\Program Files\dotnet\packs\Microsoft.WindowsDesktop.App.Ref\10.0.5\ref\net10.0\System.Printing.dll" /reference:"C:\Program Files\dotnet\packs\Microsoft.WindowsDesktop.App.Ref\10.0.5\ref\net10.0\System.Private.Windows.Core.dll" /reference:"C:\Program Files\dotnet\packs\Microsoft.WindowsDesktop.App.Ref\10.0.5\ref\net10.0\System.Private.Windows.GdiPlus.dll" /reference:"C:\Program Files\dotnet\packs\Microsoft.NETCore.App.Ref\10.0.5\ref\net10.0\System.Reflection.DispatchProxy.dll" /reference:"C:\Program Files\dotnet\packs\Microsoft.NETCore.App.Ref\10.0.5\ref\net10.0\System.Reflection.dll" /reference:"C:\Program Files\dotnet\packs\Microsoft.NETCore.App.Ref\10.0.5\ref\net10.0\System.Reflection.Emit.dll" /reference:"C:\Program Files\dotnet\packs\Microsoft.NETCore.App.Ref\10.0.5\ref\net10.0\System.Reflection.Emit.ILGeneration.dll" /reference:"C:\Program Files\dotnet\packs\Microsoft.NETCore.App.Ref\10.0.5\ref\net10.0\System.Reflection.Emit.Lightweight.dll" /reference:"C:\Program Files\dotnet\packs\Microsoft.NETCore.App.Ref\10.0.5\ref\net10.0\System.Reflection.Extensions.dll" /reference:"C:\Program Files\dotnet\packs\Microsoft.NETCore.App.Ref\10.0.5\ref\net10.0\System.Reflection.Metadata.dll" /reference:"C:\Program Files\dotnet\packs\Microsoft.NETCore.App.Ref\10.0.5\ref\net10.0\System.Reflection.Primitives.dll" /reference:"C:\Program Files\dotnet\packs\Microsoft.NETCore.App.Ref\10.0.5\ref\net10.0\System.Reflection.TypeExtensions.dll" /reference:"C:\Program Files\dotnet\packs\Microsoft.WindowsDesktop.App.Ref\10.0.5\ref\net10.0\System.Resources.Extensions.dll" /reference:"C:\Program Files\dotnet\packs\Microsoft.NETCore.App.Ref\10.0.5\ref\net10.0\System.Resources.Reader.dll" /reference:"C:\Program Files\dotnet\packs\Microsoft.NETCore.App.Ref\10.0.5\ref\net10.0\System.Resources.ResourceManager.dll" /reference:"C:\Program Files\dotnet\packs\Microsoft.NETCore.App.Ref\10.0.5\ref\net10.0\System.Resources.Writer.dll" /reference:"C:\Program Files\dotnet\packs\Microsoft.NETCore.App.Ref\10.0.5\ref\net10.0\System.Runtime.CompilerServices.Unsafe.dll" /reference:"C:\Program Files\dotnet\packs\Microsoft.NETCore.App.Ref\10.0.5\ref\net10.0\System.Runtime.CompilerServices.VisualC.dll" /reference:"C:\Program Files\dotnet\packs\Microsoft.NETCore.App.Ref\10.0.5\ref\net10.0\System.Runtime.dll" /reference:"C:\Program Files\dotnet\packs\Microsoft.NETCore.App.Ref\10.0.5\ref\net10.0\System.Runtime.Extensions.dll" /reference:"C:\Program Files\dotnet\packs\Microsoft.NETCore.App.Ref\10.0.5\ref\net10.0\System.Runtime.Handles.dll" /reference:"C:\Program Files\dotnet\packs\Microsoft.NETCore.App.Ref\10.0.5\ref\net10.0\System.Runtime.InteropServices.dll" /reference:"C:\Program Files\dotnet\packs\Microsoft.NETCore.App.Ref\10.0.5\ref\net10.0\System.Runtime.InteropServices.JavaScript.dll" /reference:"C:\Program Files\dotnet\packs\Microsoft.NETCore.App.Ref\10.0.5\ref\net10.0\System.Runtime.InteropServices.RuntimeInformation.dll" /reference:"C:\Program Files\dotnet\packs\Microsoft.NETCore.App.Ref\10.0.5\ref\net10.0\System.Runtime.Intrinsics.dll" /reference:"C:\Program Files\dotnet\packs\Microsoft.NETCore.App.Ref\10.0.5\ref\net10.0\System.Runtime.Loader.dll" /reference:"C:\Program Files\dotnet\packs\Microsoft.NETCore.App.Ref\10.0.5\ref\net10.0\System.Runtime.Numerics.dll" /reference:"C:\Program Files\dotnet\packs\Microsoft.NETCore.App.Ref\10.0.5\ref\net10.0\System.Runtime.Serialization.dll" /reference:"C:\Program Files\dotnet\packs\Microsoft.NETCore.App.Ref\10.0.5\ref\net10.0\System.Runtime.Serialization.Formatters.dll" /reference:"C:\Program Files\dotnet\packs\Microsoft.NETCore.App.Ref\10.0.5\ref\net10.0\System.Runtime.Serialization.Json.dll" /reference:"C:\Program Files\dotnet\packs\Microsoft.NETCore.App.Ref\10.0.5\ref\net10.0\System.Runtime.Serialization.Primitives.dll" /reference:"C:\Program Files\dotnet\packs\Microsoft.NETCore.App.Ref\10.0.5\ref\net10.0\System.Runtime.Serialization.Xml.dll" /reference:"C:\Program Files\dotnet\packs\Microsoft.NETCore.App.Ref\10.0.5\ref\net10.0\System.Security.AccessControl.dll" /reference:"C:\Program Files\dotnet\packs\Microsoft.NETCore.App.Ref\10.0.5\ref\net10.0\System.Security.Claims.dll" /reference:"C:\Program Files\dotnet\packs\Microsoft.NETCore.App.Ref\10.0.5\ref\net10.0\System.Security.Cryptography.Algorithms.dll" /reference:"C:\Program Files\dotnet\packs\Microsoft.NETCore.App.Ref\10.0.5\ref\net10.0\System.Security.Cryptography.Cng.dll" /reference:"C:\Program Files\dotnet\packs\Microsoft.NETCore.App.Ref\10.0.5\ref\net10.0\System.Security.Cryptography.Csp.dll" /reference:"C:\Program Files\dotnet\packs\Microsoft.NETCore.App.Ref\10.0.5\ref\net10.0\System.Security.Cryptography.dll" /reference:"C:\Program Files\dotnet\packs\Microsoft.NETCore.App.Ref\10.0.5\ref\net10.0\System.Security.Cryptography.Encoding.dll" /reference:"C:\Program Files\dotnet\packs\Microsoft.NETCore.App.Ref\10.0.5\ref\net10.0\System.Security.Cryptography.OpenSsl.dll" /reference:"C:\Program Files\dotnet\packs\Microsoft.WindowsDesktop.App.Ref\10.0.5\ref\net10.0\System.Security.Cryptography.Pkcs.dll" /reference:"C:\Program Files\dotnet\packs\Microsoft.NETCore.App.Ref\10.0.5\ref\net10.0\System.Security.Cryptography.Primitives.dll" /reference:"C:\Program Files\dotnet\packs\Microsoft.WindowsDesktop.App.Ref\10.0.5\ref\net10.0\System.Security.Cryptography.ProtectedData.dll" /reference:"C:\Program Files\dotnet\packs\Microsoft.NETCore.App.Ref\10.0.5\ref\net10.0\System.Security.Cryptography.X509Certificates.dll" /reference:"C:\Program Files\dotnet\packs\Microsoft.WindowsDesktop.App.Ref\10.0.5\ref\net10.0\System.Security.Cryptography.Xml.dll" /reference:"C:\Program Files\dotnet\packs\Microsoft.NETCore.App.Ref\10.0.5\ref\net10.0\System.Security.dll" /reference:"C:\Program Files\dotnet\packs\Microsoft.WindowsDesktop.App.Ref\10.0.5\ref\net10.0\System.Security.Permissions.dll" /reference:"C:\Program Files\dotnet\packs\Microsoft.NETCore.App.Ref\10.0.5\ref\net10.0\System.Security.Principal.dll" /reference:"C:\Program Files\dotnet\packs\Microsoft.NETCore.App.Ref\10.0.5\ref\net10.0\System.Security.Principal.Windows.dll" /reference:"C:\Program Files\dotnet\packs\Microsoft.NETCore.App.Ref\10.0.5\ref\net10.0\System.Security.SecureString.dll" /reference:"C:\Program Files\dotnet\packs\Microsoft.NETCore.App.Ref\10.0.5\ref\net10.0\System.ServiceModel.Web.dll" /reference:"C:\Program Files\dotnet\packs\Microsoft.NETCore.App.Ref\10.0.5\ref\net10.0\System.ServiceProcess.dll" /reference:"C:\Program Files\dotnet\packs\Microsoft.NETCore.App.Ref\10.0.5\ref\net10.0\System.Text.Encoding.CodePages.dll" /reference:"C:\Program Files\dotnet\packs\Microsoft.NETCore.App.Ref\10.0.5\ref\net10.0\System.Text.Encoding.dll" /reference:"C:\Program Files\dotnet\packs\Microsoft.NETCore.App.Ref\10.0.5\ref\net10.0\System.Text.Encoding.Extensions.dll" /reference:"C:\Program Files\dotnet\packs\Microsoft.NETCore.App.Ref\10.0.5\ref\net10.0\System.Text.Encodings.Web.dll" /reference:"C:\Program Files\dotnet\packs\Microsoft.NETCore.App.Ref\10.0.5\ref\net10.0\System.Text.Json.dll" /reference:"C:\Program Files\dotnet\packs\Microsoft.NETCore.App.Ref\10.0.5\ref\net10.0\System.Text.RegularExpressions.dll" /reference:"C:\Program Files\dotnet\packs\Microsoft.NETCore.App.Ref\10.0.5\ref\net10.0\System.Threading.AccessControl.dll" /reference:"C:\Program Files\dotnet\packs\Microsoft.NETCore.App.Ref\10.0.5\ref\net10.0\System.Threading.Channels.dll" /reference:"C:\Program Files\dotnet\packs\Microsoft.NETCore.App.Ref\10.0.5\ref\net10.0\System.Threading.dll" /reference:"C:\Program Files\dotnet\packs\Microsoft.NETCore.App.Ref\10.0.5\ref\net10.0\System.Threading.Overlapped.dll" /reference:"C:\Program Files\dotnet\packs\Microsoft.NETCore.App.Ref\10.0.5\ref\net10.0\System.Threading.Tasks.Dataflow.dll" /reference:"C:\Program Files\dotnet\packs\Microsoft.NETCore.App.Ref\10.0.5\ref\net10.0\System.Threading.Tasks.dll" /reference:"C:\Program Files\dotnet\packs\Microsoft.NETCore.App.Ref\10.0.5\ref\net10.0\System.Threading.Tasks.Extensions.dll" /reference:"C:\Program Files\dotnet\packs\Microsoft.NETCore.App.Ref\10.0.5\ref\net10.0\System.Threading.Tasks.Parallel.dll" /reference:"C:\Program Files\dotnet\packs\Microsoft.NETCore.App.Ref\10.0.5\ref\net10.0\System.Threading.Thread.dll" /reference:"C:\Program Files\dotnet\packs\Microsoft.NETCore.App.Ref\10.0.5\ref\net10.0\System.Threading.ThreadPool.dll" /reference:"C:\Program Files\dotnet\packs\Microsoft.NETCore.App.Ref\10.0.5\ref\net10.0\System.Threading.Timer.dll" /reference:"C:\Program Files\dotnet\packs\Microsoft.NETCore.App.Ref\10.0.5\ref\net10.0\System.Transactions.dll" /reference:"C:\Program Files\dotnet\packs\Microsoft.NETCore.App.Ref\10.0.5\ref\net10.0\System.Transactions.Local.dll" /reference:"C:\Program Files\dotnet\packs\Microsoft.NETCore.App.Ref\10.0.5\ref\net10.0\System.ValueTuple.dll" /reference:"C:\Program Files\dotnet\packs\Microsoft.NETCore.App.Ref\10.0.5\ref\net10.0\System.Web.dll" /reference:"C:\Program Files\dotnet\packs\Microsoft.NETCore.App.Ref\10.0.5\ref\net10.0\System.Web.HttpUtility.dll" /reference:"C:\Program Files\dotnet\packs\Microsoft.WindowsDesktop.App.Ref\10.0.5\ref\net10.0\System.Windows.Controls.Ribbon.dll" /reference:"C:\Program Files\dotnet\packs\Microsoft.NETCore.App.Ref\10.0.5\ref\net10.0\System.Windows.dll" /reference:"C:\Program Files\dotnet\packs\Microsoft.WindowsDesktop.App.Ref\10.0.5\ref\net10.0\System.Windows.Extensions.dll" /reference:"C:\Program Files\dotnet\packs\Microsoft.WindowsDesktop.App.Ref\10.0.5\ref\net10.0\System.Windows.Forms.Design.dll" /reference:"C:\Program Files\dotnet\packs\Microsoft.WindowsDesktop.App.Ref\10.0.5\ref\net10.0\System.Windows.Forms.Design.Editors.dll" /reference:"C:\Program Files\dotnet\packs\Microsoft.WindowsDesktop.App.Ref\10.0.5\ref\net10.0\System.Windows.Forms.dll" /reference:"C:\Program Files\dotnet\packs\Microsoft.WindowsDesktop.App.Ref\10.0.5\ref\net10.0\System.Windows.Forms.Primitives.dll" /reference:"C:\Program Files\dotnet\packs\Microsoft.WindowsDesktop.App.Ref\10.0.5\ref\net10.0\System.Windows.Input.Manipulations.dll" /reference:"C:\Program Files\dotnet\packs\Microsoft.WindowsDesktop.App.Ref\10.0.5\ref\net10.0\System.Windows.Presentation.dll" /reference:"C:\Program Files\dotnet\packs\Microsoft.WindowsDesktop.App.Ref\10.0.5\ref\net10.0\System.Windows.Primitives.dll" /reference:"C:\Program Files\dotnet\packs\Microsoft.WindowsDesktop.App.Ref\10.0.5\ref\net10.0\System.Xaml.dll" /reference:"C:\Program Files\dotnet\packs\Microsoft.NETCore.App.Ref\10.0.5\ref\net10.0\System.Xml.dll" /reference:"C:\Program Files\dotnet\packs\Microsoft.NETCore.App.Ref\10.0.5\ref\net10.0\System.Xml.Linq.dll" /reference:"C:\Program Files\dotnet\packs\Microsoft.NETCore.App.Ref\10.0.5\ref\net10.0\System.Xml.ReaderWriter.dll" /reference:"C:\Program Files\dotnet\packs\Microsoft.NETCore.App.Ref\10.0.5\ref\net10.0\System.Xml.Serialization.dll" /reference:"C:\Program Files\dotnet\packs\Microsoft.NETCore.App.Ref\10.0.5\ref\net10.0\System.Xml.XDocument.dll" /reference:"C:\Program Files\dotnet\packs\Microsoft.NETCore.App.Ref\10.0.5\ref\net10.0\System.Xml.XmlDocument.dll" /reference:"C:\Program Files\dotnet\packs\Microsoft.NETCore.App.Ref\10.0.5\ref\net10.0\System.Xml.XmlSerializer.dll" /reference:"C:\Program Files\dotnet\packs\Microsoft.NETCore.App.Ref\10.0.5\ref\net10.0\System.Xml.XPath.dll" /reference:"C:\Program Files\dotnet\packs\Microsoft.NETCore.App.Ref\10.0.5\ref\net10.0\System.Xml.XPath.XDocument.dll" /reference:C:\Users\Mark\.nuget\packages\microsoft.testplatform.testhost\17.14.1\lib\net8.0\testhost.dll /reference:"C:\Program Files\dotnet\packs\Microsoft.WindowsDesktop.App.Ref\10.0.5\ref\net10.0\UIAutomationClient.dll" /reference:"C:\Program Files\dotnet\packs\Microsoft.WindowsDesktop.App.Ref\10.0.5\ref\net10.0\UIAutomationClientSideProviders.dll" /reference:"C:\Program Files\dotnet\packs\Microsoft.WindowsDesktop.App.Ref\10.0.5\ref\net10.0\UIAutomationProvider.dll" /reference:"C:\Program Files\dotnet\packs\Microsoft.WindowsDesktop.App.Ref\10.0.5\ref\net10.0\UIAutomationTypes.dll" /reference:D:\Drive\Source\SquadDash-public\VoiceHeuristics\obj\Debug\net10.0\ref\VoiceHeuristics.dll /reference:"C:\Program Files\dotnet\packs\Microsoft.WindowsDesktop.App.Ref\10.0.5\ref\net10.0\WindowsBase.dll" /features:"InterceptorsNamespaces=;Microsoft.Extensions.Validation.Generated" /debug+ /debug:portable /filealign:512 /optimize- /out:obj\Debug\net10.0-windows\SquadDash.Tests.dll /refout:obj\Debug\net10.0-windows\refint\SquadDash.Tests.dll /target:exe /warnaserror- /utf8output /deterministic+ /sourcelink:obj\Debug\net10.0-windows\SquadDash.Tests.sourcelink.json /langversion:14.0 /embed:C:\Users\Mark\.nuget\packages\microsoft.net.test.sdk\17.14.1\build\net8.0\Microsoft.NET.Test.Sdk.Program.cs /embed:obj\Debug\net10.0-windows\SquadDash.Tests.GlobalUsings.g.cs /embed:"obj\Debug\net10.0-windows\.NETCoreApp,Version=v10.0.AssemblyAttributes.cs" /embed:obj\Debug\net10.0-windows\SquadDash.Tests.AssemblyInfo.cs /analyzerconfig:obj\Debug\net10.0-windows\SquadDash.Tests.GeneratedMSBuildEditorConfig.editorconfig /analyzerconfig:"C:\Program Files\dotnet\sdk\10.0.300-preview.0.26177.108\Sdks\Microsoft.NET.Sdk\analyzers\build\config\analysislevel_10_default.globalconfig" /analyzer:"C:\Program Files\dotnet\sdk\10.0.300-preview.0.26177.108\Sdks\Microsoft.NET.Sdk\targets\..\analyzers\Microsoft.CodeAnalysis.CSharp.NetAnalyzers.dll" /analyzer:"C:\Program Files\dotnet\sdk\10.0.300-preview.0.26177.108\Sdks\Microsoft.NET.Sdk\targets\..\analyzers\Microsoft.CodeAnalysis.NetAnalyzers.dll" /analyzer:C:\Users\Mark\.nuget\packages\nunit.analyzers\4.10.0\analyzers\dotnet\cs\nunit.analyzers.codefixes.dll /analyzer:C:\Users\Mark\.nuget\packages\nunit.analyzers\4.10.0\analyzers\dotnet\cs\nunit.analyzers.dll /analyzer:"C:\Program Files\dotnet\packs\Microsoft.NETCore.App.Ref\10.0.5\analyzers/dotnet/cs/Microsoft.Interop.ComInterfaceGenerator.dll" /analyzer:"C:\Program Files\dotnet\packs\Microsoft.NETCore.App.Ref\10.0.5\analyzers/dotnet/cs/Microsoft.Interop.JavaScript.JSImportGenerator.dll" /analyzer:"C:\Program Files\dotnet\packs\Microsoft.NETCore.App.Ref\10.0.5\analyzers/dotnet/cs/Microsoft.Interop.LibraryImportGenerator.dll" /analyzer:"C:\Program Files\dotnet\packs\Microsoft.NETCore.App.Ref\10.0.5\analyzers/dotnet/cs/Microsoft.Interop.SourceGeneration.dll" /analyzer:"C:\Program Files\dotnet\packs\Microsoft.NETCore.App.Ref\10.0.5\analyzers/dotnet/cs/System.Text.Json.SourceGeneration.dll" /analyzer:"C:\Program Files\dotnet\packs\Microsoft.NETCore.App.Ref\10.0.5\analyzers/dotnet/cs/System.Text.RegularExpressions.Generator.dll" /analyzer:"C:\Program Files\dotnet\packs\Microsoft.WindowsDesktop.App.Ref\10.0.5\analyzers/dotnet/System.Windows.Forms.Analyzers.dll" /analyzer:"C:\Program Files\dotnet\packs\Microsoft.WindowsDesktop.App.Ref\10.0.5\analyzers/dotnet/cs/System.Windows.Forms.Analyzers.CSharp.dll" /analyzer:"C:\Program Files\dotnet\packs\Microsoft.WindowsDesktop.App.Ref\10.0.5\analyzers/dotnet/cs/System.Windows.Forms.Analyzers.CodeFixes.CSharp.dll" AgentCardSortingTests.cs AgentNameHumanizerTests.cs AgentReportStoreTests.cs AgentRosterVisibilityPolicyTests.cs AgentThreadIdentityPolicyTests.cs AgentThreadRegistryTests.cs ApplicationSettingsStoreTests.cs AppVersionStub.cs AttachmentBlockFormatterTests.cs BackgroundAgentLaunchInfoResolverTests.cs BackgroundAgentReportAnnouncementBuilderTests.cs BackgroundCancelCompletionPolicyTests.cs BackgroundTaskFixtureLoaderTests.cs BackgroundTaskPresenterTests.cs BackgroundTaskStateResolverTests.cs BackgroundWorkClassifierTests.cs BuiltInPromptInjectionsTests.cs ByokAndDocsPanelTests.cs ColorUtilitiesTests.cs CommitApprovalStoreTests.cs CtrlDoubleTapGestureTrackerTests.cs CurrentTurnStatusPresentationTests.cs DecomposeModeTests.cs DefaultPromptInstructionProviderTests.cs DirectQuickReplyCompletionPolicyTests.cs DockingLayoutEngineTests.cs DocStatusStoreTests.cs DocTopicsLoaderTests.cs DpiPositioningTests.cs EditorRevisionLockTests.cs GlobalUsings.cs HostCommandExecutorTests.cs HostCommandParserTests.cs HostCommandRegistryTests.cs IdleDetectionServiceTests.cs InboxMessageParserTests.cs InboxMessageSelectedTextAttachmentTests.cs InboxStoreHasMessageSavedSinceTests.cs InstanceActivationChannelTests.cs IntelliSenseControllerTests.cs JsonFileStorageTests.cs LocalCommandTurnExecutionPolicyTests.cs LoopControllerTests.cs LoopMdParserTests.cs LoopMultiTurnTests.cs LoopOutputStoreTests.cs LoopQueueIntegrationTests.cs LoopTemplatePreprocessingTests.cs MaintenanceCycleIntegrationTests.cs MaintenanceMdParserRoundTripTests.cs MaintenanceMdParserTests.cs MaintenancePanelControllerTests.cs MaintenanceReportWriterTests.cs MaintenanceRunnerTests.cs MaintenanceStateStoreTests.cs MaintenanceStubTests.cs MainWindowStub.cs MarkdownDocumentRendererCommitHashTests.cs MarkdownDocumentRendererHeadingTests.cs MarkdownDocumentWindowStub.cs MarkdownEditorCommandsTests.cs MarkdownHtmlBuilderPriorityTests.cs MarkdownRevisionExecutorTests.cs MeasurementLineStubs.cs MeasurementLineToolTests.cs MutexLeaseTests.cs NativeMethodsTests.cs NotesStoreTests.cs PanelDockingServiceTests.cs PanelLayoutPersistenceTests.cs PanelViewModelTests.cs PostedUiActionTrackerTests.cs PromptContextDiagnosticsPresentationTests.cs PromptExecutionControllerTests.cs PromptHistoryStoreTests.cs PromptInteractionLogicTests.cs PromptQueueTests.cs PromptTextFixtureLoaderTests.cs PromptTraceMetricsTests.cs PushNotificationServiceTests.cs QuickReplyAgentLaunchPolicyTests.cs QuickReplyContextPromptBuilderTests.cs QuickReplyFixtureLoaderTests.cs QuickReplyOptionParserTests.cs QuickReplyRoutePresentationTests.cs RestartCoordinatorStateStoreTests.cs RestartDeferralPolicyTests.cs RoutingIssueWatchPathPolicyTests.cs RoutingIssueWorkflowTests.cs RunningInstanceRegistryTests.cs RuntimeSlotNamesTests.cs RuntimeSlotStateStoreTests.cs ScreenshotNamingHelperTests.cs ScreenshotRefreshRunnerTests.cs ScrollPositionFixtureLoaderTests.cs SessionResumeDiagnosticsPresentationTests.cs SessionWorkspaceTests.cs SilentBackgroundAgentPolicyTests.cs SmoothDictationHelperTests.cs SquadBridgePromptBuilderTests.cs SquadCliCommandsTests.cs SquadDashRuntimeStampTests.cs SquadInstallationStateServiceTests.cs SquadInstallerServiceTests.cs SquadRoutingDocumentServiceTests.cs SquadRuntimeCompatibilityTests.cs SquadScribeWorkspaceRepairServiceTests.cs SquadSdkProcessSerializationTests.cs SquadSdkProcessTests.cs SquadTeamRosterLoaderTests.cs StartupBlockedDialogPolicyTests.cs StartupFolderParserTests.cs StartupWorkspaceResolverTests.cs StatusTimingPresentationTests.cs TasksContextBuilderTests.cs TasksPanelFilterTests.cs TasksPanelParserTests.cs TasksStatusWindowEmojiTests.cs TestWorkspace.cs TextCaseHelperTests.cs TintKeysTests.cs ToolTranscriptFormatterTests.cs ToolTranscriptOutputLimiterTests.cs TranscriptConversationManagerTests.cs TranscriptCopyServiceTests.cs TranscriptSelectionTests.cs TranscriptTextUtilitiesTests.cs TranscriptThinkingBlockPinTests.cs TriggeredInjectionEvaluatorTests.cs VisualTreeEdgeAnalyzerTests.cs VoiceInsertionHeuristicsTests.cs WorkspaceConversationStoreSafetyTests.cs WorkspaceConversationStoreTests.cs WorkspaceIssueFactoryTests.cs WorkspaceIssuePanelStateTests.cs WorkspaceOpenCoordinatorTests.cs WorkspaceOwnershipLeaseTests.cs WorkspacePathsProviderTests.cs WorkspaceStartupRoutingPolicyTests.cs WpfTestContext.cs ..\SquadDash\Screenshots\IFixtureLoader.cs ..\SquadDash\Screenshots\IReplayableUiAction.cs ..\SquadDash\Screenshots\ScreenshotCaptureRequestedEventArgs.cs ..\SquadDash\Screenshots\ScreenshotComparator.cs ..\SquadDash\Screenshots\ScreenshotComparisonResult.cs ..\SquadDash\Screenshots\ScreenshotDefinitionRegistry.cs ..\SquadDash\Screenshots\ScreenshotFixture.cs ..\SquadDash\Screenshots\ScreenshotManifest.cs ..\SquadDash\Screenshots\ScreenshotNamingHelper.cs ..\SquadDash\Screenshots\ScreenshotRefreshLog.cs ..\SquadDash\Screenshots\ScreenshotRefreshMode.cs ..\SquadDash\Screenshots\ScreenshotRefreshOptions.cs ..\SquadDash\Screenshots\ScreenshotRefreshRunner.cs ..\SquadDash\Screenshots\UiActionReplayRegistry.cs ..\SquadDash\Screenshots\FixtureLoaderRegistry.cs ..\SquadDash\Screenshots\Fixtures\BackgroundTaskFixtureLoader.cs ..\SquadDash\Screenshots\Fixtures\QuickReplyFixtureLoader.cs ..\SquadDash\Screenshots\Fixtures\ScrollPositionFixtureLoader.cs ..\SquadDash\Screenshots\Fixtures\PromptTextFixtureLoader.cs ..\SquadDash\JsonFileStorage.cs ..\SquadDash\JsonFileStorageSafeWrite.cs ..\SquadDash\SquadDashPaths.cs ..\SquadDash\MutexLease.cs ..\SquadDash\SquadCliCommands.cs ..\SquadDash\TraceCategory.cs ..\SquadDash\TranscriptViewMode.cs ..\SquadDash\ILiveTraceTarget.cs ..\SquadDash\ChromedWindow.cs ..\SquadDash\TraceWindow.cs ..\SquadDash\SquadDashTrace.cs ..\SquadDash\SquadDashRuntimeStamp.cs ..\SquadDash\BackgroundAgentLaunchInfoResolver.cs ..\SquadDash\BackgroundAgentReportAnnouncementBuilder.cs ..\SquadDash\BackgroundCancelCompletionPolicy.cs ..\SquadDash\BackgroundTaskStateResolver.cs ..\SquadDash\BackgroundWorkClassifier.cs ..\SquadDash\CurrentTurnStatusPresentation.cs ..\SquadDash\PromptContextDiagnostics.cs ..\SquadDash\SessionResumeDiagnosticsPresentation.cs ..\SquadDash\SilentBackgroundAgentPolicy.cs ..\SquadDash\StatusTimingPresentation.cs ..\SquadDash\PromptTraceMetrics.cs ..\SquadDash\RestartDeferralPolicy.cs ..\SquadDash\QuickReplyRoutePresentation.cs ..\SquadDash\QuickReplyAgentLaunchPolicy.cs ..\SquadDash\DirectQuickReplyCompletionPolicy.cs ..\SquadDash\QuickReplyContextPromptBuilder.cs ..\SquadDash\WorkspaceIssuePanelState.cs ..\SquadDash\LocalCommandTurnExecutionPolicy.cs ..\SquadDash\AgentThreadIdentityPolicy.cs ..\SquadDash\QuickReplyOptionParser.cs ..\SquadDash\ApplicationSettingsStore.cs ..\SquadDash\SoundNotificationService.cs ..\SquadDash\ITtsProvider.cs ..\SquadDash\AzureTtsProvider.cs ..\SquadDash\OpenAiTtsProvider.cs ..\SquadDash\ByokProviderSettings.cs ..\SquadDash\LoopMdConfig.cs ..\SquadDash\LoopMdParser.cs ..\SquadDash\LoopController.cs ..\SquadDash\PromptQueue.cs ..\SquadDash\AgentImagePathResolver.cs ..\SquadDash\BulletedTextBox.cs ..\SquadDash\HireAgentWindow.cs ..\SquadDash\ISpeechRecognitionService.cs ..\SquadDash\SpeechRecognitionService.cs ..\SquadDash\WhisperSpeechRecognitionService.cs ..\SquadDash\PushToTalkWindow.cs ..\SquadDash\PttTextBoxAttachment.cs ..\SquadDash\PttRichTextBoxAttachment.cs ..\SquadDash\PromptExecutionController.cs ..\SquadDash\IWorkspaceContext.cs ..\SquadDash\IPromptBoxState.cs ..\SquadDash\ITranscriptRenderSink.cs ..\SquadDash\IAgentRosterView.cs ..\SquadDash\IPromptInstructionProvider.cs ..\SquadDash\PromptInstructionSet.cs ..\SquadDash\DefaultPromptInstructionProvider.cs ..\SquadDash\PromptInteractionLogic.cs ..\SquadDash\SquadCliAdapter.cs ..\SquadDash\IntelliSenseController.cs ..\SquadDash\SquadInstallationStateService.cs ..\SquadDash\SquadInstallerService.cs ..\SquadDash\SquadScribeWorkspaceRepairService.cs ..\SquadDash\SquadBridgePromptBuilder.cs ..\SquadDash\ISquadBridgePromptBuilder.cs ..\SquadDash\TasksContextBuilder.cs ..\SquadDash\TasksPanelFilter.cs ..\SquadDash\TasksPanelParser.cs ..\SquadDash\SquadRuntimeCompatibility.cs ..\SquadDash\SquadRoutingDocumentService.cs ..\SquadDash\RoutingIssueWorkflow.cs ..\SquadDash\RoutingIssueWatchPathPolicy.cs ..\SquadDash\SquadSdkEvent.cs ..\SquadDash\SquadSdkProcess.cs ..\SquadDash\SquadTeamRosterLoader.cs ..\SquadDash\NativeMethods.cs ..\SquadDash\DpiHelper.cs ..\SquadDash\StartupWorkspaceResolver.cs ..\SquadDash\StartupBlockedDialogPolicy.cs ..\SquadDash\StartupFolderParser.cs ..\SquadDash\ToolTranscriptFormatter.cs ..\SquadDash\ToolTranscriptData.cs ..\SquadDash\RuntimeSlotStateStore.cs ..\SquadDash\RunningInstanceRegistry.cs ..\SquadDash\RestartCoordinatorStateStore.cs ..\SquadDash\InstanceActivationChannel.cs ..\SquadDash\WorkspaceOwnershipLease.cs ..\SquadDash\WorkspaceOpenCoordinator.cs ..\SquadDash\FollowUpAttachment.cs ..\SquadDash\WorkspaceConversationStore.cs ..\SquadDash\IWorkspacePaths.cs ..\SquadDash\WorkspacePathsProvider.cs ..\SquadDash\WorkspaceStartupRoutingPolicy.cs ..\SquadDash\PromptHistoryStore.cs ..\SquadDash\SessionWorkspace.cs ..\SquadDash\AgentCardSorting.cs ..\SquadDash\AgentRosterVisibilityPolicy.cs ..\SquadDash\AgentNameHumanizer.cs ..\SquadDash\WorkspaceIssuePresentation.cs ..\SquadDash\ProcessIdentity.cs ..\SquadDash\ColorUtilities.cs ..\SquadDash\TranscriptTextUtilities.cs ..\SquadDash\InboxMessageParser.cs ..\SquadDash\PanelFilterHelper.cs ..\SquadDash\CompactPickerButton.cs ..\SquadDash\CtrlDoubleTapGestureTracker.cs ..\SquadDash\VisualTreeEdgeAnalyzer.cs ..\SquadDash\ICopyable.cs ..\SquadDash\IHaveUniqueName.cs ..\SquadDash\TranscriptCopyService.cs ..\SquadDash\TranscriptThreadState.cs ..\SquadDash\ToolTranscriptEntry.cs ..\SquadDash\HostCommandDescriptor.cs ..\SquadDash\HostCommandInvocation.cs ..\SquadDash\HostCommandResult.cs ..\SquadDash\IHostCommandHandler.cs ..\SquadDash\HostCommandRegistry.cs ..\SquadDash\HostCommandExecutor.cs ..\SquadDash\HostCommandParser.cs ..\SquadDash\PostedUiActionTracker.cs ..\SquadDash\AgentStatusCard.cs ..\SquadDash\ActivitySpinner.cs ..\SquadDash\TranscriptSelectionController.cs ..\SquadDash\AgentThreadRegistry.cs ..\SquadDash\BackgroundTaskPresenter.cs ..\SquadDash\TranscriptConversationManager.cs ..\SquadDash\MarkdownDocumentRenderer.cs ..\SquadDash\MarkdownDocumentTabState.cs ..\SquadDash\MarkdownEditorCommands.cs ..\SquadDash\RichTextBoxExtensions.cs ..\SquadDash\RevisionPendingIndicator.cs ..\SquadDash\MarkdownHtmlBuilder.cs ..\SquadDash\TasksStatusWindow.cs ..\SquadDash\PushNotificationService.cs ..\SquadDash\TriggeredPromptInjection.cs ..\SquadDash\BuiltInPromptInjections.cs ..\SquadDash\NoteItem.cs ..\SquadDash\NotesStore.cs ..\SquadDash\CommitApprovalStore.cs ..\SquadDash\CommitApprovalItem.cs ..\SquadDash\DocStatusStore.cs ..\SquadDash\LoopOutputStore.cs ..\SquadDash\DocTopicsLoader.cs ..\SquadDash\AgentReportStore.cs ..\SquadDash\TintKeys.cs ..\SquadDash\AttachmentBlockFormatter.cs ..\SquadDash\InboxMessageWindow.cs ..\SquadDash\InboxMessage.cs ..\SquadDash\DocumentUtilities.cs ..\SquadDash\SmoothDictationHelper.cs ..\SquadDash\NotesSortOrder.cs ..\SquadDash\TextCaseHelper.cs ..\SquadDash\MaintenanceMdConfig.cs ..\SquadDash\MaintenanceMdParser.cs ..\SquadDash\MaintenanceModels.cs ..\SquadDash\MaintenanceOptionChoice.cs ..\SquadDash\MaintenanceStateStore.cs ..\SquadDash\MaintenanceRunner.cs ..\SquadDash\MaintenanceReportWriter.cs ..\SquadDash\MaintenanceStubStateStore.cs ..\SquadDash\MaintenanceTaskEditorWindow.cs ..\SquadDash\InboxStore.cs ..\SquadDash\MarkdownHoverPopup.cs ..\SquadDash\MarkdownFlowDocumentBuilder.cs ..\SquadDash\MaintenancePanelController.cs ..\SquadDash\MaintenancePanelViewModel.cs ..\SquadDash\InboxPanelViewModel.cs ..\SquadDash\TasksPanelViewModel.cs ..\SquadDash\NotesPanelViewModel.cs ..\SquadDash\MaintenancePanelUiState.cs ..\SquadDash\SquadDashEnvironment.cs ..\SquadDash\IdleDetectionService.cs ..\SquadDash\DecomposedTaskGroup.cs ..\SquadDash\TasksJsonParser.cs ..\SquadDash\DecomposedTasksWriter.cs ..\SquadDash\MaintenanceGroupRunner.cs ..\SquadDash\PanelDocking\DockZone.cs ..\SquadDash\PanelDocking\PanelSlot.cs ..\SquadDash\PanelDocking\DockLayout.cs ..\SquadDash\PanelDocking\PanelLayoutsFile.cs ..\SquadDash\PanelDocking\PanelDockingService.cs ..\SquadDash\PanelDocking\DockingMapViewModel.cs ..\SquadDash\PanelDocking\DockingMapBuilder.cs ..\SquadDash\PanelDocking\PanelLayoutData.cs ..\SquadDash\PanelDocking\DockingLayoutEngine.cs C:\Users\Mark\.nuget\packages\microsoft.net.test.sdk\17.14.1\build\net8.0\Microsoft.NET.Test.Sdk.Program.cs obj\Debug\net10.0-windows\SquadDash.Tests.GlobalUsings.g.cs "obj\Debug\net10.0-windows\.NETCoreApp,Version=v10.0.AssemblyAttributes.cs" obj\Debug\net10.0-windows\SquadDash.Tests.AssemblyInfo.cs /warnaserror+:NU1605,SYSLIB0011
         Compilation request SquadDash.Tests (net10.0-windows), PathToTool=C:\Program Files\dotnet\sdk\10.0.300-preview.0.26177.108\Roslyn\bincore\csc.exe
         CommandLine = ' /noconfig'
         BuildResponseFile = '/unsafe- /checked- /nowarn:1701,1702,1701,1702,8002 /fullpaths /nostdlib+ /errorreport:prompt /warn:10 /define:TRACE;DEBUG;NET;NET10_0;NETCOREAPP;WINDOWS;WINDOWS7_0;NET5_0_OR_GREATER;NET6_0_OR_GREATER;NET7_0_OR_GREATER;NET8_0_OR_GREATER;NET9_0_OR_GREATER;NET10_0_OR_GREATER;NETCOREAPP3_0_OR_GREATER;NETCOREAPP3_1_OR_GREATER;WINDOWS7_0_OR_GREATER /highentropyva+ /nullable:enable /reference:"C:\Program Files\dotnet\packs\Microsoft.WindowsDesktop.App.Ref\10.0.5\ref\net10.0\Accessibility.dll" /reference:C:\Users\Mark\.nuget\packages\azure.core\1.44.1\lib\net6.0\Azure.Core.dll /reference:C:\Users\Mark\.nuget\packages\microsoft.bcl.asyncinterfaces\6.0.0\lib\netstandard2.1\Microsoft.Bcl.AsyncInterfaces.dll /reference:C:\Users\Mark\.nuget\packages\microsoft.cognitiveservices.speech\1.49.0\lib\netstandard2.0\Microsoft.CognitiveServices.Speech.csharp.dll /reference:"C:\Program Files\dotnet\packs\Microsoft.NETCore.App.Ref\10.0.5\ref\net10.0\Microsoft.CSharp.dll" /reference:C:\Users\Mark\.nuget\packages\microsoft.testplatform.testhost\17.14.1\lib\net8.0\Microsoft.TestPlatform.CommunicationUtilities.dll /reference:C:\Users\Mark\.nuget\packages\microsoft.testplatform.testhost\17.14.1\lib\net8.0\Microsoft.TestPlatform.CoreUtilities.dll /reference:C:\Users\Mark\.nuget\packages\microsoft.testplatform.testhost\17.14.1\lib\net8.0\Microsoft.TestPlatform.CrossPlatEngine.dll /reference:C:\Users\Mark\.nuget\packages\microsoft.testplatform.testhost\17.14.1\lib\net8.0\Microsoft.TestPlatform.PlatformAbstractions.dll /reference:C:\Users\Mark\.nuget\packages\microsoft.testplatform.testhost\17.14.1\lib\net8.0\Microsoft.TestPlatform.Utilities.dll /reference:"C:\Program Files\dotnet\packs\Microsoft.NETCore.App.Ref\10.0.5\ref\net10.0\Microsoft.VisualBasic.Core.dll" /reference:"C:\Program Files\dotnet\packs\Microsoft.WindowsDesktop.App.Ref\10.0.5\ref\net10.0\Microsoft.VisualBasic.dll" /reference:"C:\Program Files\dotnet\packs\Microsoft.WindowsDesktop.App.Ref\10.0.5\ref\net10.0\Microsoft.VisualBasic.Forms.dll" /reference:C:\Users\Mark\.nuget\packages\microsoft.codecoverage\17.14.1\lib\net8.0\Microsoft.VisualStudio.CodeCoverage.Shim.dll /reference:C:\Users\Mark\.nuget\packages\microsoft.testplatform.testhost\17.14.1\lib\net8.0\Microsoft.VisualStudio.TestPlatform.Common.dll /reference:C:\Users\Mark\.nuget\packages\microsoft.testplatform.testhost\17.14.1\lib\net8.0\Microsoft.VisualStudio.TestPlatform.ObjectModel.dll /reference:"C:\Program Files\dotnet\packs\Microsoft.NETCore.App.Ref\10.0.5\ref\net10.0\Microsoft.Win32.Primitives.dll" /reference:"C:\Program Files\dotnet\packs\Microsoft.WindowsDesktop.App.Ref\10.0.5\ref\net10.0\Microsoft.Win32.Registry.AccessControl.dll" /reference:"C:\Program Files\dotnet\packs\Microsoft.NETCore.App.Ref\10.0.5\ref\net10.0\Microsoft.Win32.Registry.dll" /reference:"C:\Program Files\dotnet\packs\Microsoft.WindowsDesktop.App.Ref\10.0.5\ref\net10.0\Microsoft.Win32.SystemEvents.dll" /reference:"C:\Program Files\dotnet\packs\Microsoft.NETCore.App.Ref\10.0.5\ref\net10.0\mscorlib.dll" /reference:C:\Users\Mark\.nuget\packages\naudio.asio\2.3.0\lib\net8.0-windows7.0\NAudio.Asio.dll /reference:C:\Users\Mark\.nuget\packages\naudio.core\2.3.0\lib\netstandard2.0\NAudio.Core.dll /reference:C:\Users\Mark\.nuget\packages\naudio\2.3.0\lib\net6.0-windows7.0\NAudio.dll /reference:C:\Users\Mark\.nuget\packages\naudio.midi\2.3.0\lib\netstandard2.0\NAudio.Midi.dll /reference:C:\Users\Mark\.nuget\packages\naudio.wasapi\2.3.0\lib\netstandard2.0\NAudio.Wasapi.dll /reference:C:\Users\Mark\.nuget\packages\naudio.winforms\2.3.0\lib\netcoreapp3.1\NAudio.WinForms.dll /reference:C:\Users\Mark\.nuget\packages\naudio.winmm\2.3.0\lib\net6.0\NAudio.WinMM.dll /reference:"C:\Program Files\dotnet\packs\Microsoft.NETCore.App.Ref\10.0.5\ref\net10.0\netstandard.dll" /reference:C:\Users\Mark\.nuget\packages\newtonsoft.json\13.0.3\lib\net6.0\Newtonsoft.Json.dll /reference:C:\Users\Mark\.nuget\packages\nunit\4.4.0\lib\net8.0\nunit.framework.dll /reference:C:\Users\Mark\.nuget\packages\nunit\4.4.0\lib\net8.0\nunit.framework.legacy.dll /reference:"C:\Program Files\dotnet\packs\Microsoft.WindowsDesktop.App.Ref\10.0.5\ref\net10.0\PresentationCore.dll" /reference:"C:\Program Files\dotnet\packs\Microsoft.WindowsDesktop.App.Ref\10.0.5\ref\net10.0\PresentationFramework.Aero.dll" /reference:"C:\Program Files\dotnet\packs\Microsoft.WindowsDesktop.App.Ref\10.0.5\ref\net10.0\PresentationFramework.Aero2.dll" /reference:"C:\Program Files\dotnet\packs\Microsoft.WindowsDesktop.App.Ref\10.0.5\ref\net10.0\PresentationFramework.AeroLite.dll" /reference:"C:\Program Files\dotnet\packs\Microsoft.WindowsDesktop.App.Ref\10.0.5\ref\net10.0\PresentationFramework.Classic.dll" /reference:"C:\Program Files\dotnet\packs\Microsoft.WindowsDesktop.App.Ref\10.0.5\ref\net10.0\PresentationFramework.dll" /reference:"C:\Program Files\dotnet\packs\Microsoft.WindowsDesktop.App.Ref\10.0.5\ref\net10.0\PresentationFramework.Luna.dll" /reference:"C:\Program Files\dotnet\packs\Microsoft.WindowsDesktop.App.Ref\10.0.5\ref\net10.0\PresentationFramework.Royale.dll" /reference:"C:\Program Files\dotnet\packs\Microsoft.WindowsDesktop.App.Ref\10.0.5\ref\net10.0\PresentationUI.dll" /reference:"C:\Program Files\dotnet\packs\Microsoft.WindowsDesktop.App.Ref\10.0.5\ref\net10.0\ReachFramework.dll" /reference:"C:\Program Files\dotnet\packs\Microsoft.NETCore.App.Ref\10.0.5\ref\net10.0\System.AppContext.dll" /reference:"C:\Program Files\dotnet\packs\Microsoft.NETCore.App.Ref\10.0.5\ref\net10.0\System.Buffers.dll" /reference:C:\Users\Mark\.nuget\packages\system.clientmodel\1.1.0\lib\net6.0\System.ClientModel.dll /reference:"C:\Program Files\dotnet\packs\Microsoft.WindowsDesktop.App.Ref\10.0.5\ref\net10.0\System.CodeDom.dll" /reference:"C:\Program Files\dotnet\packs\Microsoft.NETCore.App.Ref\10.0.5\ref\net10.0\System.Collections.Concurrent.dll" /reference:"C:\Program Files\dotnet\packs\Microsoft.NETCore.App.Ref\10.0.5\ref\net10.0\System.Collections.dll" /reference:"C:\Program Files\dotnet\packs\Microsoft.NETCore.App.Ref\10.0.5\ref\net10.0\System.Collections.Immutable.dll" /reference:"C:\Program Files\dotnet\packs\Microsoft.NETCore.App.Ref\10.0.5\ref\net10.0\System.Collections.NonGeneric.dll" /reference:"C:\Program Files\dotnet\packs\Microsoft.NETCore.App.Ref\10.0.5\ref\net10.0\System.Collections.Specialized.dll" /reference:"C:\Program Files\dotnet\packs\Microsoft.NETCore.App.Ref\10.0.5\ref\net10.0\System.ComponentModel.Annotations.dll" /reference:"C:\Program Files\dotnet\packs\Microsoft.NETCore.App.Ref\10.0.5\ref\net10.0\System.ComponentModel.DataAnnotations.dll" /reference:"C:\Program Files\dotnet\packs\Microsoft.NETCore.App.Ref\10.0.5\ref\net10.0\System.ComponentModel.dll" /reference:"C:\Program Files\dotnet\packs\Microsoft.NETCore.App.Ref\10.0.5\ref\net10.0\System.ComponentModel.EventBasedAsync.dll" /reference:"C:\Program Files\dotnet\packs\Microsoft.NETCore.App.Ref\10.0.5\ref\net10.0\System.ComponentModel.Primitives.dll" /reference:"C:\Program Files\dotnet\packs\Microsoft.NETCore.App.Ref\10.0.5\ref\net10.0\System.ComponentModel.TypeConverter.dll" /reference:"C:\Program Files\dotnet\packs\Microsoft.WindowsDesktop.App.Ref\10.0.5\ref\net10.0\System.Configuration.ConfigurationManager.dll" /reference:"C:\Program Files\dotnet\packs\Microsoft.NETCore.App.Ref\10.0.5\ref\net10.0\System.Configuration.dll" /reference:"C:\Program Files\dotnet\packs\Microsoft.NETCore.App.Ref\10.0.5\ref\net10.0\System.Console.dll" /reference:"C:\Program Files\dotnet\packs\Microsoft.NETCore.App.Ref\10.0.5\ref\net10.0\System.Core.dll" /reference:"C:\Program Files\dotnet\packs\Microsoft.NETCore.App.Ref\10.0.5\ref\net10.0\System.Data.Common.dll" /reference:"C:\Program Files\dotnet\packs\Microsoft.NETCore.App.Ref\10.0.5\ref\net10.0\System.Data.DataSetExtensions.dll" /reference:"C:\Program Files\dotnet\packs\Microsoft.NETCore.App.Ref\10.0.5\ref\net10.0\System.Data.dll" /reference:"C:\Program Files\dotnet\packs\Microsoft.WindowsDesktop.App.Ref\10.0.5\ref\net10.0\System.Design.dll" /reference:"C:\Program Files\dotnet\packs\Microsoft.NETCore.App.Ref\10.0.5\ref\net10.0\System.Diagnostics.Contracts.dll" /reference:"C:\Program Files\dotnet\packs\Microsoft.NETCore.App.Ref\10.0.5\ref\net10.0\System.Diagnostics.Debug.dll" /reference:"C:\Program Files\dotnet\packs\Microsoft.NETCore.App.Ref\10.0.5\ref\net10.0\System.Diagnostics.DiagnosticSource.dll" /reference:"C:\Program Files\dotnet\packs\Microsoft.WindowsDesktop.App.Ref\10.0.5\ref\net10.0\System.Diagnostics.EventLog.dll" /reference:"C:\Program Files\dotnet\packs\Microsoft.NETCore.App.Ref\10.0.5\ref\net10.0\System.Diagnostics.FileVersionInfo.dll" /reference:"C:\Program Files\dotnet\packs\Microsoft.WindowsDesktop.App.Ref\10.0.5\ref\net10.0\System.Diagnostics.PerformanceCounter.dll" /reference:"C:\Program Files\dotnet\packs\Microsoft.NETCore.App.Ref\10.0.5\ref\net10.0\System.Diagnostics.Process.dll" /reference:"C:\Program Files\dotnet\packs\Microsoft.NETCore.App.Ref\10.0.5\ref\net10.0\System.Diagnostics.StackTrace.dll" /reference:"C:\Program Files\dotnet\packs\Microsoft.NETCore.App.Ref\10.0.5\ref\net10.0\System.Diagnostics.TextWriterTraceListener.dll" /reference:"C:\Program Files\dotnet\packs\Microsoft.NETCore.App.Ref\10.0.5\ref\net10.0\System.Diagnostics.Tools.dll" /reference:"C:\Program Files\dotnet\packs\Microsoft.NETCore.App.Ref\10.0.5\ref\net10.0\System.Diagnostics.TraceSource.dll" /reference:"C:\Program Files\dotnet\packs\Microsoft.NETCore.App.Ref\10.0.5\ref\net10.0\System.Diagnostics.Tracing.dll" /reference:"C:\Program Files\dotnet\packs\Microsoft.WindowsDesktop.App.Ref\10.0.5\ref\net10.0\System.DirectoryServices.dll" /reference:"C:\Program Files\dotnet\packs\Microsoft.NETCore.App.Ref\10.0.5\ref\net10.0\System.dll" /reference:"C:\Program Files\dotnet\packs\Microsoft.WindowsDesktop.App.Ref\10.0.5\ref\net10.0\System.Drawing.Common.dll" /reference:"C:\Program Files\dotnet\packs\Microsoft.WindowsDesktop.App.Ref\10.0.5\ref\net10.0\System.Drawing.Design.dll" /reference:"C:\Program Files\dotnet\packs\Microsoft.WindowsDesktop.App.Ref\10.0.5\ref\net10.0\System.Drawing.dll" /reference:"C:\Program Files\dotnet\packs\Microsoft.NETCore.App.Ref\10.0.5\ref\net10.0\System.Drawing.Primitives.dll" /reference:"C:\Program Files\dotnet\packs\Microsoft.NETCore.App.Ref\10.0.5\ref\net10.0\System.Dynamic.Runtime.dll" /reference:"C:\Program Files\dotnet\packs\Microsoft.NETCore.App.Ref\10.0.5\ref\net10.0\System.Formats.Asn1.dll" /reference:"C:\Program Files\dotnet\packs\Microsoft.WindowsDesktop.App.Ref\10.0.5\ref\net10.0\System.Formats.Nrbf.dll" /reference:"C:\Program Files\dotnet\packs\Microsoft.NETCore.App.Ref\10.0.5\ref\net10.0\System.Formats.Tar.dll" /reference:"C:\Program Files\dotnet\packs\Microsoft.NETCore.App.Ref\10.0.5\ref\net10.0\System.Globalization.Calendars.dll" /reference:"C:\Program Files\dotnet\packs\Microsoft.NETCore.App.Ref\10.0.5\ref\net10.0\System.Globalization.dll" /reference:"C:\Program Files\dotnet\packs\Microsoft.NETCore.App.Ref\10.0.5\ref\net10.0\System.Globalization.Extensions.dll" /reference:"C:\Program Files\dotnet\packs\Microsoft.NETCore.App.Ref\10.0.5\ref\net10.0\System.IO.Compression.Brotli.dll" /reference:"C:\Program Files\dotnet\packs\Microsoft.NETCore.App.Ref\10.0.5\ref\net10.0\System.IO.Compression.dll" /reference:"C:\Program Files\dotnet\packs\Microsoft.NETCore.App.Ref\10.0.5\ref\net10.0\System.IO.Compression.FileSystem.dll" /reference:"C:\Program Files\dotnet\packs\Microsoft.NETCore.App.Ref\10.0.5\ref\net10.0\System.IO.Compression.ZipFile.dll" /reference:"C:\Program Files\dotnet\packs\Microsoft.NETCore.App.Ref\10.0.5\ref\net10.0\System.IO.dll" /reference:"C:\Program Files\dotnet\packs\Microsoft.NETCore.App.Ref\10.0.5\ref\net10.0\System.IO.FileSystem.AccessControl.dll" /reference:"C:\Program Files\dotnet\packs\Microsoft.NETCore.App.Ref\10.0.5\ref\net10.0\System.IO.FileSystem.dll" /reference:"C:\Program Files\dotnet\packs\Microsoft.NETCore.App.Ref\10.0.5\ref\net10.0\System.IO.FileSystem.DriveInfo.dll" /reference:"C:\Program Files\dotnet\packs\Microsoft.NETCore.App.Ref\10.0.5\ref\net10.0\System.IO.FileSystem.Primitives.dll" /reference:"C:\Program Files\dotnet\packs\Microsoft.NETCore.App.Ref\10.0.5\ref\net10.0\System.IO.FileSystem.Watcher.dll" /reference:"C:\Program Files\dotnet\packs\Microsoft.NETCore.App.Ref\10.0.5\ref\net10.0\System.IO.IsolatedStorage.dll" /reference:"C:\Program Files\dotnet\packs\Microsoft.NETCore.App.Ref\10.0.5\ref\net10.0\System.IO.MemoryMappedFiles.dll" /reference:"C:\Program Files\dotnet\packs\Microsoft.WindowsDesktop.App.Ref\10.0.5\ref\net10.0\System.IO.Packaging.dll" /reference:"C:\Program Files\dotnet\packs\Microsoft.NETCore.App.Ref\10.0.5\ref\net10.0\System.IO.Pipelines.dll" /reference:"C:\Program Files\dotnet\packs\Microsoft.NETCore.App.Ref\10.0.5\ref\net10.0\System.IO.Pipes.AccessControl.dll" /reference:"C:\Program Files\dotnet\packs\Microsoft.NETCore.App.Ref\10.0.5\ref\net10.0\System.IO.Pipes.dll" /reference:"C:\Program Files\dotnet\packs\Microsoft.NETCore.App.Ref\10.0.5\ref\net10.0\System.IO.UnmanagedMemoryStream.dll" /reference:"C:\Program Files\dotnet\packs\Microsoft.NETCore.App.Ref\10.0.5\ref\net10.0\System.Linq.AsyncEnumerable.dll" /reference:"C:\Program Files\dotnet\packs\Microsoft.NETCore.App.Ref\10.0.5\ref\net10.0\System.Linq.dll" /reference:"C:\Program Files\dotnet\packs\Microsoft.NETCore.App.Ref\10.0.5\ref\net10.0\System.Linq.Expressions.dll" /reference:"C:\Program Files\dotnet\packs\Microsoft.NETCore.App.Ref\10.0.5\ref\net10.0\System.Linq.Parallel.dll" /reference:"C:\Program Files\dotnet\packs\Microsoft.NETCore.App.Ref\10.0.5\ref\net10.0\System.Linq.Queryable.dll" /reference:C:\Users\Mark\.nuget\packages\system.memory.data\6.0.0\lib\net6.0\System.Memory.Data.dll /reference:"C:\Program Files\dotnet\packs\Microsoft.NETCore.App.Ref\10.0.5\ref\net10.0\System.Memory.dll" /reference:"C:\Program Files\dotnet\packs\Microsoft.NETCore.App.Ref\10.0.5\ref\net10.0\System.Net.dll" /reference:"C:\Program Files\dotnet\packs\Microsoft.NETCore.App.Ref\10.0.5\ref\net10.0\System.Net.Http.dll" /reference:"C:\Program Files\dotnet\packs\Microsoft.NETCore.App.Ref\10.0.5\ref\net10.0\System.Net.Http.Json.dll" /reference:"C:\Program Files\dotnet\packs\Microsoft.NETCore.App.Ref\10.0.5\ref\net10.0\System.Net.HttpListener.dll" /reference:"C:\Program Files\dotnet\packs\Microsoft.NETCore.App.Ref\10.0.5\ref\net10.0\System.Net.Mail.dll" /reference:"C:\Program Files\dotnet\packs\Microsoft.NETCore.App.Ref\10.0.5\ref\net10.0\System.Net.NameResolution.dll" /reference:"C:\Program Files\dotnet\packs\Microsoft.NETCore.App.Ref\10.0.5\ref\net10.0\System.Net.NetworkInformation.dll" /reference:"C:\Program Files\dotnet\packs\Microsoft.NETCore.App.Ref\10.0.5\ref\net10.0\System.Net.Ping.dll" /reference:"C:\Program Files\dotnet\packs\Microsoft.NETCore.App.Ref\10.0.5\ref\net10.0\System.Net.Primitives.dll" /reference:"C:\Program Files\dotnet\packs\Microsoft.NETCore.App.Ref\10.0.5\ref\net10.0\System.Net.Quic.dll" /reference:"C:\Program Files\dotnet\packs\Microsoft.NETCore.App.Ref\10.0.5\ref\net10.0\System.Net.Requests.dll" /reference:"C:\Program Files\dotnet\packs\Microsoft.NETCore.App.Ref\10.0.5\ref\net10.0\System.Net.Security.dll" /reference:"C:\Program Files\dotnet\packs\Microsoft.NETCore.App.Ref\10.0.5\ref\net10.0\System.Net.ServerSentEvents.dll" /reference:"C:\Program Files\dotnet\packs\Microsoft.NETCore.App.Ref\10.0.5\ref\net10.0\System.Net.ServicePoint.dll" /reference:"C:\Program Files\dotnet\packs\Microsoft.NETCore.App.Ref\10.0.5\ref\net10.0\System.Net.Sockets.dll" /reference:"C:\Program Files\dotnet\packs\Microsoft.NETCore.App.Ref\10.0.5\ref\net10.0\System.Net.WebClient.dll" /reference:"C:\Program Files\dotnet\packs\Microsoft.NETCore.App.Ref\10.0.5\ref\net10.0\System.Net.WebHeaderCollection.dll" /reference:"C:\Program Files\dotnet\packs\Microsoft.NETCore.App.Ref\10.0.5\ref\net10.0\System.Net.WebProxy.dll" /reference:"C:\Program Files\dotnet\packs\Microsoft.NETCore.App.Ref\10.0.5\ref\net10.0\System.Net.WebSockets.Client.dll" /reference:"C:\Program Files\dotnet\packs\Microsoft.NETCore.App.Ref\10.0.5\ref\net10.0\System.Net.WebSockets.dll" /reference:"C:\Program Files\dotnet\packs\Microsoft.NETCore.App.Ref\10.0.5\ref\net10.0\System.Numerics.dll" /reference:"C:\Program Files\dotnet\packs\Microsoft.NETCore.App.Ref\10.0.5\ref\net10.0\System.Numerics.Vectors.dll" /reference:"C:\Program Files\dotnet\packs\Microsoft.NETCore.App.Ref\10.0.5\ref\net10.0\System.ObjectModel.dll" /reference:"C:\Program Files\dotnet\packs\Microsoft.WindowsDesktop.App.Ref\10.0.5\ref\net10.0\System.Printing.dll" /reference:"C:\Program Files\dotnet\packs\Microsoft.WindowsDesktop.App.Ref\10.0.5\ref\net10.0\System.Private.Windows.Core.dll" /reference:"C:\Program Files\dotnet\packs\Microsoft.WindowsDesktop.App.Ref\10.0.5\ref\net10.0\System.Private.Windows.GdiPlus.dll" /reference:"C:\Program Files\dotnet\packs\Microsoft.NETCore.App.Ref\10.0.5\ref\net10.0\System.Reflection.DispatchProxy.dll" /reference:"C:\Program Files\dotnet\packs\Microsoft.NETCore.App.Ref\10.0.5\ref\net10.0\System.Reflection.dll" /reference:"C:\Program Files\dotnet\packs\Microsoft.NETCore.App.Ref\10.0.5\ref\net10.0\System.Reflection.Emit.dll" /reference:"C:\Program Files\dotnet\packs\Microsoft.NETCore.App.Ref\10.0.5\ref\net10.0\System.Reflection.Emit.ILGeneration.dll" /reference:"C:\Program Files\dotnet\packs\Microsoft.NETCore.App.Ref\10.0.5\ref\net10.0\System.Reflection.Emit.Lightweight.dll" /reference:"C:\Program Files\dotnet\packs\Microsoft.NETCore.App.Ref\10.0.5\ref\net10.0\System.Reflection.Extensions.dll" /reference:"C:\Program Files\dotnet\packs\Microsoft.NETCore.App.Ref\10.0.5\ref\net10.0\System.Reflection.Metadata.dll" /reference:"C:\Program Files\dotnet\packs\Microsoft.NETCore.App.Ref\10.0.5\ref\net10.0\System.Reflection.Primitives.dll" /reference:"C:\Program Files\dotnet\packs\Microsoft.NETCore.App.Ref\10.0.5\ref\net10.0\System.Reflection.TypeExtensions.dll" /reference:"C:\Program Files\dotnet\packs\Microsoft.WindowsDesktop.App.Ref\10.0.5\ref\net10.0\System.Resources.Extensions.dll" /reference:"C:\Program Files\dotnet\packs\Microsoft.NETCore.App.Ref\10.0.5\ref\net10.0\System.Resources.Reader.dll" /reference:"C:\Program Files\dotnet\packs\Microsoft.NETCore.App.Ref\10.0.5\ref\net10.0\System.Resources.ResourceManager.dll" /reference:"C:\Program Files\dotnet\packs\Microsoft.NETCore.App.Ref\10.0.5\ref\net10.0\System.Resources.Writer.dll" /reference:"C:\Program Files\dotnet\packs\Microsoft.NETCore.App.Ref\10.0.5\ref\net10.0\System.Runtime.CompilerServices.Unsafe.dll" /reference:"C:\Program Files\dotnet\packs\Microsoft.NETCore.App.Ref\10.0.5\ref\net10.0\System.Runtime.CompilerServices.VisualC.dll" /reference:"C:\Program Files\dotnet\packs\Microsoft.NETCore.App.Ref\10.0.5\ref\net10.0\System.Runtime.dll" /reference:"C:\Program Files\dotnet\packs\Microsoft.NETCore.App.Ref\10.0.5\ref\net10.0\System.Runtime.Extensions.dll" /reference:"C:\Program Files\dotnet\packs\Microsoft.NETCore.App.Ref\10.0.5\ref\net10.0\System.Runtime.Handles.dll" /reference:"C:\Program Files\dotnet\packs\Microsoft.NETCore.App.Ref\10.0.5\ref\net10.0\System.Runtime.InteropServices.dll" /reference:"C:\Program Files\dotnet\packs\Microsoft.NETCore.App.Ref\10.0.5\ref\net10.0\System.Runtime.InteropServices.JavaScript.dll" /reference:"C:\Program Files\dotnet\packs\Microsoft.NETCore.App.Ref\10.0.5\ref\net10.0\System.Runtime.InteropServices.RuntimeInformation.dll" /reference:"C:\Program Files\dotnet\packs\Microsoft.NETCore.App.Ref\10.0.5\ref\net10.0\System.Runtime.Intrinsics.dll" /reference:"C:\Program Files\dotnet\packs\Microsoft.NETCore.App.Ref\10.0.5\ref\net10.0\System.Runtime.Loader.dll" /reference:"C:\Program Files\dotnet\packs\Microsoft.NETCore.App.Ref\10.0.5\ref\net10.0\System.Runtime.Numerics.dll" /reference:"C:\Program Files\dotnet\packs\Microsoft.NETCore.App.Ref\10.0.5\ref\net10.0\System.Runtime.Serialization.dll" /reference:"C:\Program Files\dotnet\packs\Microsoft.NETCore.App.Ref\10.0.5\ref\net10.0\System.Runtime.Serialization.Formatters.dll" /reference:"C:\Program Files\dotnet\packs\Microsoft.NETCore.App.Ref\10.0.5\ref\net10.0\System.Runtime.Serialization.Json.dll" /reference:"C:\Program Files\dotnet\packs\Microsoft.NETCore.App.Ref\10.0.5\ref\net10.0\System.Runtime.Serialization.Primitives.dll" /reference:"C:\Program Files\dotnet\packs\Microsoft.NETCore.App.Ref\10.0.5\ref\net10.0\System.Runtime.Serialization.Xml.dll" /reference:"C:\Program Files\dotnet\packs\Microsoft.NETCore.App.Ref\10.0.5\ref\net10.0\System.Security.AccessControl.dll" /reference:"C:\Program Files\dotnet\packs\Microsoft.NETCore.App.Ref\10.0.5\ref\net10.0\System.Security.Claims.dll" /reference:"C:\Program Files\dotnet\packs\Microsoft.NETCore.App.Ref\10.0.5\ref\net10.0\System.Security.Cryptography.Algorithms.dll" /reference:"C:\Program Files\dotnet\packs\Microsoft.NETCore.App.Ref\10.0.5\ref\net10.0\System.Security.Cryptography.Cng.dll" /reference:"C:\Program Files\dotnet\packs\Microsoft.NETCore.App.Ref\10.0.5\ref\net10.0\System.Security.Cryptography.Csp.dll" /reference:"C:\Program Files\dotnet\packs\Microsoft.NETCore.App.Ref\10.0.5\ref\net10.0\System.Security.Cryptography.dll" /reference:"C:\Program Files\dotnet\packs\Microsoft.NETCore.App.Ref\10.0.5\ref\net10.0\System.Security.Cryptography.Encoding.dll" /reference:"C:\Program Files\dotnet\packs\Microsoft.NETCore.App.Ref\10.0.5\ref\net10.0\System.Security.Cryptography.OpenSsl.dll" /reference:"C:\Program Files\dotnet\packs\Microsoft.WindowsDesktop.App.Ref\10.0.5\ref\net10.0\System.Security.Cryptography.Pkcs.dll" /reference:"C:\Program Files\dotnet\packs\Microsoft.NETCore.App.Ref\10.0.5\ref\net10.0\System.Security.Cryptography.Primitives.dll" /reference:"C:\Program Files\dotnet\packs\Microsoft.WindowsDesktop.App.Ref\10.0.5\ref\net10.0\System.Security.Cryptography.ProtectedData.dll" /reference:"C:\Program Files\dotnet\packs\Microsoft.NETCore.App.Ref\10.0.5\ref\net10.0\System.Security.Cryptography.X509Certificates.dll" /reference:"C:\Program Files\dotnet\packs\Microsoft.WindowsDesktop.App.Ref\10.0.5\ref\net10.0\System.Security.Cryptography.Xml.dll" /reference:"C:\Program Files\dotnet\packs\Microsoft.NETCore.App.Ref\10.0.5\ref\net10.0\System.Security.dll" /reference:"C:\Program Files\dotnet\packs\Microsoft.WindowsDesktop.App.Ref\10.0.5\ref\net10.0\System.Security.Permissions.dll" /reference:"C:\Program Files\dotnet\packs\Microsoft.NETCore.App.Ref\10.0.5\ref\net10.0\System.Security.Principal.dll" /reference:"C:\Program Files\dotnet\packs\Microsoft.NETCore.App.Ref\10.0.5\ref\net10.0\System.Security.Principal.Windows.dll" /reference:"C:\Program Files\dotnet\packs\Microsoft.NETCore.App.Ref\10.0.5\ref\net10.0\System.Security.SecureString.dll" /reference:"C:\Program Files\dotnet\packs\Microsoft.NETCore.App.Ref\10.0.5\ref\net10.0\System.ServiceModel.Web.dll" /reference:"C:\Program Files\dotnet\packs\Microsoft.NETCore.App.Ref\10.0.5\ref\net10.0\System.ServiceProcess.dll" /reference:"C:\Program Files\dotnet\packs\Microsoft.NETCore.App.Ref\10.0.5\ref\net10.0\System.Text.Encoding.CodePages.dll" /reference:"C:\Program Files\dotnet\packs\Microsoft.NETCore.App.Ref\10.0.5\ref\net10.0\System.Text.Encoding.dll" /reference:"C:\Program Files\dotnet\packs\Microsoft.NETCore.App.Ref\10.0.5\ref\net10.0\System.Text.Encoding.Extensions.dll" /reference:"C:\Program Files\dotnet\packs\Microsoft.NETCore.App.Ref\10.0.5\ref\net10.0\System.Text.Encodings.Web.dll" /reference:"C:\Program Files\dotnet\packs\Microsoft.NETCore.App.Ref\10.0.5\ref\net10.0\System.Text.Json.dll" /reference:"C:\Program Files\dotnet\packs\Microsoft.NETCore.App.Ref\10.0.5\ref\net10.0\System.Text.RegularExpressions.dll" /reference:"C:\Program Files\dotnet\packs\Microsoft.NETCore.App.Ref\10.0.5\ref\net10.0\System.Threading.AccessControl.dll" /reference:"C:\Program Files\dotnet\packs\Microsoft.NETCore.App.Ref\10.0.5\ref\net10.0\System.Threading.Channels.dll" /reference:"C:\Program Files\dotnet\packs\Microsoft.NETCore.App.Ref\10.0.5\ref\net10.0\System.Threading.dll" /reference:"C:\Program Files\dotnet\packs\Microsoft.NETCore.App.Ref\10.0.5\ref\net10.0\System.Threading.Overlapped.dll" /reference:"C:\Program Files\dotnet\packs\Microsoft.NETCore.App.Ref\10.0.5\ref\net10.0\System.Threading.Tasks.Dataflow.dll" /reference:"C:\Program Files\dotnet\packs\Microsoft.NETCore.App.Ref\10.0.5\ref\net10.0\System.Threading.Tasks.dll" /reference:"C:\Program Files\dotnet\packs\Microsoft.NETCore.App.Ref\10.0.5\ref\net10.0\System.Threading.Tasks.Extensions.dll" /reference:"C:\Program Files\dotnet\packs\Microsoft.NETCore.App.Ref\10.0.5\ref\net10.0\System.Threading.Tasks.Parallel.dll" /reference:"C:\Program Files\dotnet\packs\Microsoft.NETCore.App.Ref\10.0.5\ref\net10.0\System.Threading.Thread.dll" /reference:"C:\Program Files\dotnet\packs\Microsoft.NETCore.App.Ref\10.0.5\ref\net10.0\System.Threading.ThreadPool.dll" /reference:"C:\Program Files\dotnet\packs\Microsoft.NETCore.App.Ref\10.0.5\ref\net10.0\System.Threading.Timer.dll" /reference:"C:\Program Files\dotnet\packs\Microsoft.NETCore.App.Ref\10.0.5\ref\net10.0\System.Transactions.dll" /reference:"C:\Program Files\dotnet\packs\Microsoft.NETCore.App.Ref\10.0.5\ref\net10.0\System.Transactions.Local.dll" /reference:"C:\Program Files\dotnet\packs\Microsoft.NETCore.App.Ref\10.0.5\ref\net10.0\System.ValueTuple.dll" /reference:"C:\Program Files\dotnet\packs\Microsoft.NETCore.App.Ref\10.0.5\ref\net10.0\System.Web.dll" /reference:"C:\Program Files\dotnet\packs\Microsoft.NETCore.App.Ref\10.0.5\ref\net10.0\System.Web.HttpUtility.dll" /reference:"C:\Program Files\dotnet\packs\Microsoft.WindowsDesktop.App.Ref\10.0.5\ref\net10.0\System.Windows.Controls.Ribbon.dll" /reference:"C:\Program Files\dotnet\packs\Microsoft.NETCore.App.Ref\10.0.5\ref\net10.0\System.Windows.dll" /reference:"C:\Program Files\dotnet\packs\Microsoft.WindowsDesktop.App.Ref\10.0.5\ref\net10.0\System.Windows.Extensions.dll" /reference:"C:\Program Files\dotnet\packs\Microsoft.WindowsDesktop.App.Ref\10.0.5\ref\net10.0\System.Windows.Forms.Design.dll" /reference:"C:\Program Files\dotnet\packs\Microsoft.WindowsDesktop.App.Ref\10.0.5\ref\net10.0\System.Windows.Forms.Design.Editors.dll" /reference:"C:\Program Files\dotnet\packs\Microsoft.WindowsDesktop.App.Ref\10.0.5\ref\net10.0\System.Windows.Forms.dll" /reference:"C:\Program Files\dotnet\packs\Microsoft.WindowsDesktop.App.Ref\10.0.5\ref\net10.0\System.Windows.Forms.Primitives.dll" /reference:"C:\Program Files\dotnet\packs\Microsoft.WindowsDesktop.App.Ref\10.0.5\ref\net10.0\System.Windows.Input.Manipulations.dll" /reference:"C:\Program Files\dotnet\packs\Microsoft.WindowsDesktop.App.Ref\10.0.5\ref\net10.0\System.Windows.Presentation.dll" /reference:"C:\Program Files\dotnet\packs\Microsoft.WindowsDesktop.App.Ref\10.0.5\ref\net10.0\System.Windows.Primitives.dll" /reference:"C:\Program Files\dotnet\packs\Microsoft.WindowsDesktop.App.Ref\10.0.5\ref\net10.0\System.Xaml.dll" /reference:"C:\Program Files\dotnet\packs\Microsoft.NETCore.App.Ref\10.0.5\ref\net10.0\System.Xml.dll" /reference:"C:\Program Files\dotnet\packs\Microsoft.NETCore.App.Ref\10.0.5\ref\net10.0\System.Xml.Linq.dll" /reference:"C:\Program Files\dotnet\packs\Microsoft.NETCore.App.Ref\10.0.5\ref\net10.0\System.Xml.ReaderWriter.dll" /reference:"C:\Program Files\dotnet\packs\Microsoft.NETCore.App.Ref\10.0.5\ref\net10.0\System.Xml.Serialization.dll" /reference:"C:\Program Files\dotnet\packs\Microsoft.NETCore.App.Ref\10.0.5\ref\net10.0\System.Xml.XDocument.dll" /reference:"C:\Program Files\dotnet\packs\Microsoft.NETCore.App.Ref\10.0.5\ref\net10.0\System.Xml.XmlDocument.dll" /reference:"C:\Program Files\dotnet\packs\Microsoft.NETCore.App.Ref\10.0.5\ref\net10.0\System.Xml.XmlSerializer.dll" /reference:"C:\Program Files\dotnet\packs\Microsoft.NETCore.App.Ref\10.0.5\ref\net10.0\System.Xml.XPath.dll" /reference:"C:\Program Files\dotnet\packs\Microsoft.NETCore.App.Ref\10.0.5\ref\net10.0\System.Xml.XPath.XDocument.dll" /reference:C:\Users\Mark\.nuget\packages\microsoft.testplatform.testhost\17.14.1\lib\net8.0\testhost.dll /reference:"C:\Program Files\dotnet\packs\Microsoft.WindowsDesktop.App.Ref\10.0.5\ref\net10.0\UIAutomationClient.dll" /reference:"C:\Program Files\dotnet\packs\Microsoft.WindowsDesktop.App.Ref\10.0.5\ref\net10.0\UIAutomationClientSideProviders.dll" /reference:"C:\Program Files\dotnet\packs\Microsoft.WindowsDesktop.App.Ref\10.0.5\ref\net10.0\UIAutomationProvider.dll" /reference:"C:\Program Files\dotnet\packs\Microsoft.WindowsDesktop.App.Ref\10.0.5\ref\net10.0\UIAutomationTypes.dll" /reference:D:\Drive\Source\SquadDash-public\VoiceHeuristics\obj\Debug\net10.0\ref\VoiceHeuristics.dll /reference:"C:\Program Files\dotnet\packs\Microsoft.WindowsDesktop.App.Ref\10.0.5\ref\net10.0\WindowsBase.dll" /features:"InterceptorsNamespaces=;Microsoft.Extensions.Validation.Generated" /debug+ /debug:portable /filealign:512 /optimize- /out:obj\Debug\net10.0-windows\SquadDash.Tests.dll /refout:obj\Debug\net10.0-windows\refint\SquadDash.Tests.dll /target:exe /warnaserror- /utf8output /deterministic+ /sourcelink:obj\Debug\net10.0-windows\SquadDash.Tests.sourcelink.json /langversion:14.0 /embed:C:\Users\Mark\.nuget\packages\microsoft.net.test.sdk\17.14.1\build\net8.0\Microsoft.NET.Test.Sdk.Program.cs /embed:obj\Debug\net10.0-windows\SquadDash.Tests.GlobalUsings.g.cs /embed:"obj\Debug\net10.0-windows\.NETCoreApp,Version=v10.0.AssemblyAttributes.cs" /embed:obj\Debug\net10.0-windows\SquadDash.Tests.AssemblyInfo.cs /analyzerconfig:obj\Debug\net10.0-windows\SquadDash.Tests.GeneratedMSBuildEditorConfig.editorconfig /analyzerconfig:"C:\Program Files\dotnet\sdk\10.0.300-preview.0.26177.108\Sdks\Microsoft.NET.Sdk\analyzers\build\config\analysislevel_10_default.globalconfig" /analyzer:"C:\Program Files\dotnet\sdk\10.0.300-preview.0.26177.108\Sdks\Microsoft.NET.Sdk\targets\..\analyzers\Microsoft.CodeAnalysis.CSharp.NetAnalyzers.dll" /analyzer:"C:\Program Files\dotnet\sdk\10.0.300-preview.0.26177.108\Sdks\Microsoft.NET.Sdk\targets\..\analyzers\Microsoft.CodeAnalysis.NetAnalyzers.dll" /analyzer:C:\Users\Mark\.nuget\packages\nunit.analyzers\4.10.0\analyzers\dotnet\cs\nunit.analyzers.codefixes.dll /analyzer:C:\Users\Mark\.nuget\packages\nunit.analyzers\4.10.0\analyzers\dotnet\cs\nunit.analyzers.dll /analyzer:"C:\Program Files\dotnet\packs\Microsoft.NETCore.App.Ref\10.0.5\analyzers/dotnet/cs/Microsoft.Interop.ComInterfaceGenerator.dll" /analyzer:"C:\Program Files\dotnet\packs\Microsoft.NETCore.App.Ref\10.0.5\analyzers/dotnet/cs/Microsoft.Interop.JavaScript.JSImportGenerator.dll" /analyzer:"C:\Program Files\dotnet\packs\Microsoft.NETCore.App.Ref\10.0.5\analyzers/dotnet/cs/Microsoft.Interop.LibraryImportGenerator.dll" /analyzer:"C:\Program Files\dotnet\packs\Microsoft.NETCore.App.Ref\10.0.5\analyzers/dotnet/cs/Microsoft.Interop.SourceGeneration.dll" /analyzer:"C:\Program Files\dotnet\packs\Microsoft.NETCore.App.Ref\10.0.5\analyzers/dotnet/cs/System.Text.Json.SourceGeneration.dll" /analyzer:"C:\Program Files\dotnet\packs\Microsoft.NETCore.App.Ref\10.0.5\analyzers/dotnet/cs/System.Text.RegularExpressions.Generator.dll" /analyzer:"C:\Program Files\dotnet\packs\Microsoft.WindowsDesktop.App.Ref\10.0.5\analyzers/dotnet/System.Windows.Forms.Analyzers.dll" /analyzer:"C:\Program Files\dotnet\packs\Microsoft.WindowsDesktop.App.Ref\10.0.5\analyzers/dotnet/cs/System.Windows.Forms.Analyzers.CSharp.dll" /analyzer:"C:\Program Files\dotnet\packs\Microsoft.WindowsDesktop.App.Ref\10.0.5\analyzers/dotnet/cs/System.Windows.Forms.Analyzers.CodeFixes.CSharp.dll" AgentCardSortingTests.cs AgentNameHumanizerTests.cs AgentReportStoreTests.cs AgentRosterVisibilityPolicyTests.cs AgentThreadIdentityPolicyTests.cs AgentThreadRegistryTests.cs ApplicationSettingsStoreTests.cs AppVersionStub.cs AttachmentBlockFormatterTests.cs BackgroundAgentLaunchInfoResolverTests.cs BackgroundAgentReportAnnouncementBuilderTests.cs BackgroundCancelCompletionPolicyTests.cs BackgroundTaskFixtureLoaderTests.cs BackgroundTaskPresenterTests.cs BackgroundTaskStateResolverTests.cs BackgroundWorkClassifierTests.cs BuiltInPromptInjectionsTests.cs ByokAndDocsPanelTests.cs ColorUtilitiesTests.cs CommitApprovalStoreTests.cs CtrlDoubleTapGestureTrackerTests.cs CurrentTurnStatusPresentationTests.cs DecomposeModeTests.cs DefaultPromptInstructionProviderTests.cs DirectQuickReplyCompletionPolicyTests.cs DockingLayoutEngineTests.cs DocStatusStoreTests.cs DocTopicsLoaderTests.cs DpiPositioningTests.cs EditorRevisionLockTests.cs GlobalUsings.cs HostCommandExecutorTests.cs HostCommandParserTests.cs HostCommandRegistryTests.cs IdleDetectionServiceTests.cs InboxMessageParserTests.cs InboxMessageSelectedTextAttachmentTests.cs InboxStoreHasMessageSavedSinceTests.cs InstanceActivationChannelTests.cs IntelliSenseControllerTests.cs JsonFileStorageTests.cs LocalCommandTurnExecutionPolicyTests.cs LoopControllerTests.cs LoopMdParserTests.cs LoopMultiTurnTests.cs LoopOutputStoreTests.cs LoopQueueIntegrationTests.cs LoopTemplatePreprocessingTests.cs MaintenanceCycleIntegrationTests.cs MaintenanceMdParserRoundTripTests.cs MaintenanceMdParserTests.cs MaintenancePanelControllerTests.cs MaintenanceReportWriterTests.cs MaintenanceRunnerTests.cs MaintenanceStateStoreTests.cs MaintenanceStubTests.cs MainWindowStub.cs MarkdownDocumentRendererCommitHashTests.cs MarkdownDocumentRendererHeadingTests.cs MarkdownDocumentWindowStub.cs MarkdownEditorCommandsTests.cs MarkdownHtmlBuilderPriorityTests.cs MarkdownRevisionExecutorTests.cs MeasurementLineStubs.cs MeasurementLineToolTests.cs MutexLeaseTests.cs NativeMethodsTests.cs NotesStoreTests.cs PanelDockingServiceTests.cs PanelLayoutPersistenceTests.cs PanelViewModelTests.cs PostedUiActionTrackerTests.cs PromptContextDiagnosticsPresentationTests.cs PromptExecutionControllerTests.cs PromptHistoryStoreTests.cs PromptInteractionLogicTests.cs PromptQueueTests.cs PromptTextFixtureLoaderTests.cs PromptTraceMetricsTests.cs PushNotificationServiceTests.cs QuickReplyAgentLaunchPolicyTests.cs QuickReplyContextPromptBuilderTests.cs QuickReplyFixtureLoaderTests.cs QuickReplyOptionParserTests.cs QuickReplyRoutePresentationTests.cs RestartCoordinatorStateStoreTests.cs RestartDeferralPolicyTests.cs RoutingIssueWatchPathPolicyTests.cs RoutingIssueWorkflowTests.cs RunningInstanceRegistryTests.cs RuntimeSlotNamesTests.cs RuntimeSlotStateStoreTests.cs ScreenshotNamingHelperTests.cs ScreenshotRefreshRunnerTests.cs ScrollPositionFixtureLoaderTests.cs SessionResumeDiagnosticsPresentationTests.cs SessionWorkspaceTests.cs SilentBackgroundAgentPolicyTests.cs SmoothDictationHelperTests.cs SquadBridgePromptBuilderTests.cs SquadCliCommandsTests.cs SquadDashRuntimeStampTests.cs SquadInstallationStateServiceTests.cs SquadInstallerServiceTests.cs SquadRoutingDocumentServiceTests.cs SquadRuntimeCompatibilityTests.cs SquadScribeWorkspaceRepairServiceTests.cs SquadSdkProcessSerializationTests.cs SquadSdkProcessTests.cs SquadTeamRosterLoaderTests.cs StartupBlockedDialogPolicyTests.cs StartupFolderParserTests.cs StartupWorkspaceResolverTests.cs StatusTimingPresentationTests.cs TasksContextBuilderTests.cs TasksPanelFilterTests.cs TasksPanelParserTests.cs TasksStatusWindowEmojiTests.cs TestWorkspace.cs TextCaseHelperTests.cs TintKeysTests.cs ToolTranscriptFormatterTests.cs ToolTranscriptOutputLimiterTests.cs TranscriptConversationManagerTests.cs TranscriptCopyServiceTests.cs TranscriptSelectionTests.cs TranscriptTextUtilitiesTests.cs TranscriptThinkingBlockPinTests.cs TriggeredInjectionEvaluatorTests.cs VisualTreeEdgeAnalyzerTests.cs VoiceInsertionHeuristicsTests.cs WorkspaceConversationStoreSafetyTests.cs WorkspaceConversationStoreTests.cs WorkspaceIssueFactoryTests.cs WorkspaceIssuePanelStateTests.cs WorkspaceOpenCoordinatorTests.cs WorkspaceOwnershipLeaseTests.cs WorkspacePathsProviderTests.cs WorkspaceStartupRoutingPolicyTests.cs WpfTestContext.cs ..\SquadDash\Screenshots\IFixtureLoader.cs ..\SquadDash\Screenshots\IReplayableUiAction.cs ..\SquadDash\Screenshots\ScreenshotCaptureRequestedEventArgs.cs ..\SquadDash\Screenshots\ScreenshotComparator.cs ..\SquadDash\Screenshots\ScreenshotComparisonResult.cs ..\SquadDash\Screenshots\ScreenshotDefinitionRegistry.cs ..\SquadDash\Screenshots\ScreenshotFixture.cs ..\SquadDash\Screenshots\ScreenshotManifest.cs ..\SquadDash\Screenshots\ScreenshotNamingHelper.cs ..\SquadDash\Screenshots\ScreenshotRefreshLog.cs ..\SquadDash\Screenshots\ScreenshotRefreshMode.cs ..\SquadDash\Screenshots\ScreenshotRefreshOptions.cs ..\SquadDash\Screenshots\ScreenshotRefreshRunner.cs ..\SquadDash\Screenshots\UiActionReplayRegistry.cs ..\SquadDash\Screenshots\FixtureLoaderRegistry.cs ..\SquadDash\Screenshots\Fixtures\BackgroundTaskFixtureLoader.cs ..\SquadDash\Screenshots\Fixtures\QuickReplyFixtureLoader.cs ..\SquadDash\Screenshots\Fixtures\ScrollPositionFixtureLoader.cs ..\SquadDash\Screenshots\Fixtures\PromptTextFixtureLoader.cs ..\SquadDash\JsonFileStorage.cs ..\SquadDash\JsonFileStorageSafeWrite.cs ..\SquadDash\SquadDashPaths.cs ..\SquadDash\MutexLease.cs ..\SquadDash\SquadCliCommands.cs ..\SquadDash\TraceCategory.cs ..\SquadDash\TranscriptViewMode.cs ..\SquadDash\ILiveTraceTarget.cs ..\SquadDash\ChromedWindow.cs ..\SquadDash\TraceWindow.cs ..\SquadDash\SquadDashTrace.cs ..\SquadDash\SquadDashRuntimeStamp.cs ..\SquadDash\BackgroundAgentLaunchInfoResolver.cs ..\SquadDash\BackgroundAgentReportAnnouncementBuilder.cs ..\SquadDash\BackgroundCancelCompletionPolicy.cs ..\SquadDash\BackgroundTaskStateResolver.cs ..\SquadDash\BackgroundWorkClassifier.cs ..\SquadDash\CurrentTurnStatusPresentation.cs ..\SquadDash\PromptContextDiagnostics.cs ..\SquadDash\SessionResumeDiagnosticsPresentation.cs ..\SquadDash\SilentBackgroundAgentPolicy.cs ..\SquadDash\StatusTimingPresentation.cs ..\SquadDash\PromptTraceMetrics.cs ..\SquadDash\RestartDeferralPolicy.cs ..\SquadDash\QuickReplyRoutePresentation.cs ..\SquadDash\QuickReplyAgentLaunchPolicy.cs ..\SquadDash\DirectQuickReplyCompletionPolicy.cs ..\SquadDash\QuickReplyContextPromptBuilder.cs ..\SquadDash\WorkspaceIssuePanelState.cs ..\SquadDash\LocalCommandTurnExecutionPolicy.cs ..\SquadDash\AgentThreadIdentityPolicy.cs ..\SquadDash\QuickReplyOptionParser.cs ..\SquadDash\ApplicationSettingsStore.cs ..\SquadDash\SoundNotificationService.cs ..\SquadDash\ITtsProvider.cs ..\SquadDash\AzureTtsProvider.cs ..\SquadDash\OpenAiTtsProvider.cs ..\SquadDash\ByokProviderSettings.cs ..\SquadDash\LoopMdConfig.cs ..\SquadDash\LoopMdParser.cs ..\SquadDash\LoopController.cs ..\SquadDash\PromptQueue.cs ..\SquadDash\AgentImagePathResolver.cs ..\SquadDash\BulletedTextBox.cs ..\SquadDash\HireAgentWindow.cs ..\SquadDash\ISpeechRecognitionService.cs ..\SquadDash\SpeechRecognitionService.cs ..\SquadDash\WhisperSpeechRecognitionService.cs ..\SquadDash\PushToTalkWindow.cs ..\SquadDash\PttTextBoxAttachment.cs ..\SquadDash\PttRichTextBoxAttachment.cs ..\SquadDash\PromptExecutionController.cs ..\SquadDash\IWorkspaceContext.cs ..\SquadDash\IPromptBoxState.cs ..\SquadDash\ITranscriptRenderSink.cs ..\SquadDash\IAgentRosterView.cs ..\SquadDash\IPromptInstructionProvider.cs ..\SquadDash\PromptInstructionSet.cs ..\SquadDash\DefaultPromptInstructionProvider.cs ..\SquadDash\PromptInteractionLogic.cs ..\SquadDash\SquadCliAdapter.cs ..\SquadDash\IntelliSenseController.cs ..\SquadDash\SquadInstallationStateService.cs ..\SquadDash\SquadInstallerService.cs ..\SquadDash\SquadScribeWorkspaceRepairService.cs ..\SquadDash\SquadBridgePromptBuilder.cs ..\SquadDash\ISquadBridgePromptBuilder.cs ..\SquadDash\TasksContextBuilder.cs ..\SquadDash\TasksPanelFilter.cs ..\SquadDash\TasksPanelParser.cs ..\SquadDash\SquadRuntimeCompatibility.cs ..\SquadDash\SquadRoutingDocumentService.cs ..\SquadDash\RoutingIssueWorkflow.cs ..\SquadDash\RoutingIssueWatchPathPolicy.cs ..\SquadDash\SquadSdkEvent.cs ..\SquadDash\SquadSdkProcess.cs ..\SquadDash\SquadTeamRosterLoader.cs ..\SquadDash\NativeMethods.cs ..\SquadDash\DpiHelper.cs ..\SquadDash\StartupWorkspaceResolver.cs ..\SquadDash\StartupBlockedDialogPolicy.cs ..\SquadDash\StartupFolderParser.cs ..\SquadDash\ToolTranscriptFormatter.cs ..\SquadDash\ToolTranscriptData.cs ..\SquadDash\RuntimeSlotStateStore.cs ..\SquadDash\RunningInstanceRegistry.cs ..\SquadDash\RestartCoordinatorStateStore.cs ..\SquadDash\InstanceActivationChannel.cs ..\SquadDash\WorkspaceOwnershipLease.cs ..\SquadDash\WorkspaceOpenCoordinator.cs ..\SquadDash\FollowUpAttachment.cs ..\SquadDash\WorkspaceConversationStore.cs ..\SquadDash\IWorkspacePaths.cs ..\SquadDash\WorkspacePathsProvider.cs ..\SquadDash\WorkspaceStartupRoutingPolicy.cs ..\SquadDash\PromptHistoryStore.cs ..\SquadDash\SessionWorkspace.cs ..\SquadDash\AgentCardSorting.cs ..\SquadDash\AgentRosterVisibilityPolicy.cs ..\SquadDash\AgentNameHumanizer.cs ..\SquadDash\WorkspaceIssuePresentation.cs ..\SquadDash\ProcessIdentity.cs ..\SquadDash\ColorUtilities.cs ..\SquadDash\TranscriptTextUtilities.cs ..\SquadDash\InboxMessageParser.cs ..\SquadDash\PanelFilterHelper.cs ..\SquadDash\CompactPickerButton.cs ..\SquadDash\CtrlDoubleTapGestureTracker.cs ..\SquadDash\VisualTreeEdgeAnalyzer.cs ..\SquadDash\ICopyable.cs ..\SquadDash\IHaveUniqueName.cs ..\SquadDash\TranscriptCopyService.cs ..\SquadDash\TranscriptThreadState.cs ..\SquadDash\ToolTranscriptEntry.cs ..\SquadDash\HostCommandDescriptor.cs ..\SquadDash\HostCommandInvocation.cs ..\SquadDash\HostCommandResult.cs ..\SquadDash\IHostCommandHandler.cs ..\SquadDash\HostCommandRegistry.cs ..\SquadDash\HostCommandExecutor.cs ..\SquadDash\HostCommandParser.cs ..\SquadDash\PostedUiActionTracker.cs ..\SquadDash\AgentStatusCard.cs ..\SquadDash\ActivitySpinner.cs ..\SquadDash\TranscriptSelectionController.cs ..\SquadDash\AgentThreadRegistry.cs ..\SquadDash\BackgroundTaskPresenter.cs ..\SquadDash\TranscriptConversationManager.cs ..\SquadDash\MarkdownDocumentRenderer.cs ..\SquadDash\MarkdownDocumentTabState.cs ..\SquadDash\MarkdownEditorCommands.cs ..\SquadDash\RichTextBoxExtensions.cs ..\SquadDash\RevisionPendingIndicator.cs ..\SquadDash\MarkdownHtmlBuilder.cs ..\SquadDash\TasksStatusWindow.cs ..\SquadDash\PushNotificationService.cs ..\SquadDash\TriggeredPromptInjection.cs ..\SquadDash\BuiltInPromptInjections.cs ..\SquadDash\NoteItem.cs ..\SquadDash\NotesStore.cs ..\SquadDash\CommitApprovalStore.cs ..\SquadDash\CommitApprovalItem.cs ..\SquadDash\DocStatusStore.cs ..\SquadDash\LoopOutputStore.cs ..\SquadDash\DocTopicsLoader.cs ..\SquadDash\AgentReportStore.cs ..\SquadDash\TintKeys.cs ..\SquadDash\AttachmentBlockFormatter.cs ..\SquadDash\InboxMessageWindow.cs ..\SquadDash\InboxMessage.cs ..\SquadDash\DocumentUtilities.cs ..\SquadDash\SmoothDictationHelper.cs ..\SquadDash\NotesSortOrder.cs ..\SquadDash\TextCaseHelper.cs ..\SquadDash\MaintenanceMdConfig.cs ..\SquadDash\MaintenanceMdParser.cs ..\SquadDash\MaintenanceModels.cs ..\SquadDash\MaintenanceOptionChoice.cs ..\SquadDash\MaintenanceStateStore.cs ..\SquadDash\MaintenanceRunner.cs ..\SquadDash\MaintenanceReportWriter.cs ..\SquadDash\MaintenanceStubStateStore.cs ..\SquadDash\MaintenanceTaskEditorWindow.cs ..\SquadDash\InboxStore.cs ..\SquadDash\MarkdownHoverPopup.cs ..\SquadDash\MarkdownFlowDocumentBuilder.cs ..\SquadDash\MaintenancePanelController.cs ..\SquadDash\MaintenancePanelViewModel.cs ..\SquadDash\InboxPanelViewModel.cs ..\SquadDash\TasksPanelViewModel.cs ..\SquadDash\NotesPanelViewModel.cs ..\SquadDash\MaintenancePanelUiState.cs ..\SquadDash\SquadDashEnvironment.cs ..\SquadDash\IdleDetectionService.cs ..\SquadDash\DecomposedTaskGroup.cs ..\SquadDash\TasksJsonParser.cs ..\SquadDash\DecomposedTasksWriter.cs ..\SquadDash\MaintenanceGroupRunner.cs ..\SquadDash\PanelDocking\DockZone.cs ..\SquadDash\PanelDocking\PanelSlot.cs ..\SquadDash\PanelDocking\DockLayout.cs ..\SquadDash\PanelDocking\PanelLayoutsFile.cs ..\SquadDash\PanelDocking\PanelDockingService.cs ..\SquadDash\PanelDocking\DockingMapViewModel.cs ..\SquadDash\PanelDocking\DockingMapBuilder.cs ..\SquadDash\PanelDocking\PanelLayoutData.cs ..\SquadDash\PanelDocking\DockingLayoutEngine.cs C:\Users\Mark\.nuget\packages\microsoft.net.test.sdk\17.14.1\build\net8.0\Microsoft.NET.Test.Sdk.Program.cs obj\Debug\net10.0-windows\SquadDash.Tests.GlobalUsings.g.cs "obj\Debug\net10.0-windows\.NETCoreApp,Version=v10.0.AssemblyAttributes.cs" obj\Debug\net10.0-windows\SquadDash.Tests.AssemblyInfo.cs /warnaserror+:NU1605,SYSLIB0011'
         Attempt to open named pipe 'QkL2Vv_oe_VpP6hDVJa9DeVJ1Gy24DBrSEbGjW2CSxk'
         Attempt to connect named pipe 'QkL2Vv_oe_VpP6hDVJa9DeVJ1Gy24DBrSEbGjW2CSxk'
         Named pipe 'QkL2Vv_oe_VpP6hDVJa9DeVJ1Gy24DBrSEbGjW2CSxk' connected
         Begin writing request for SquadDash.Tests (net10.0-windows)
         End writing request for SquadDash.Tests (net10.0-windows)
         Begin reading response for SquadDash.Tests (net10.0-windows)
         End reading response for SquadDash.Tests (net10.0-windows)
     1>D:\Drive\Source\SquadDash-public\SquadDash\MaintenanceTaskEditorWindow.cs(927,65): warning CS8620: Argument of type 'Dictionary<string, string>' cannot be used for parameter 'dictionary' of type 'IReadOnlyDictionary<string, string?>' in 'string? CollectionExtensions.GetValueOrDefault<string, string?>(IReadOnlyDictionary<string, string?> dictionary, string key, string? defaultValue)' due to differences in the nullability of reference types. [D:\Drive\Source\SquadDash-public\SquadDash.Tests\SquadDash.Tests.csproj]
         CompilerServer: server - server processed compilation - SquadDash.Tests (net10.0-windows)
       _CopyFilesMarkedCopyLocal:
         Copying file from "D:\Drive\Source\SquadDash-public\VoiceHeuristics\bin\Debug\net10.0\VoiceHeuristics.dll" to "D:\Drive\Source\SquadDash-public\SquadDash.Tests\bin\Debug\net10.0-windows\VoiceHeuristics.dll".
         Copying file from "D:\Drive\Source\SquadDash-public\VoiceHeuristics\bin\Debug\net10.0\VoiceHeuristics.xml" to "D:\Drive\Source\SquadDash-public\SquadDash.Tests\bin\Debug\net10.0-windows\VoiceHeuristics.xml".
         Copying file from "D:\Drive\Source\SquadDash-public\VoiceHeuristics\bin\Debug\net10.0\VoiceHeuristics.pdb" to "D:\Drive\Source\SquadDash-public\SquadDash.Tests\bin\Debug\net10.0-windows\VoiceHeuristics.pdb".
         Touching "D:\Drive\Source\SquadDash-public\SquadDash.Tests\obj\Debug\net10.0-windows\SquadDas.63F1D1C7.Up2Date".
       _CopyOutOfDateSourceItemsToOutputDirectory:
       Skipping target "_CopyOutOfDateSourceItemsToOutputDirectory" because all output files are up-to-date with respect to the input files.
       GenerateBuildDependencyFile:
       Skipping target "GenerateBuildDependencyFile" because all output files are up-to-date with respect to the input files.
       GenerateBuildRuntimeConfigurationFiles:
       Skipping target "GenerateBuildRuntimeConfigurationFiles" because all output files are up-to-date with respect to the input files.
       CopyFilesToOutputDirectory:
         Copying file from "D:\Drive\Source\SquadDash-public\SquadDash.Tests\obj\Debug\net10.0-windows\SquadDash.Tests.dll" to "D:\Drive\Source\SquadDash-public\SquadDash.Tests\bin\Debug\net10.0-windows\SquadDash.Tests.dll".
         Copying reference assembly from "obj\Debug\net10.0-windows\refint\SquadDash.Tests.dll" to "D:\Drive\Source\SquadDash-public\SquadDash.Tests\obj\Debug\net10.0-windows\ref\SquadDash.Tests.dll".
         SquadDash.Tests -> D:\Drive\Source\SquadDash-public\SquadDash.Tests\bin\Debug\net10.0-windows\SquadDash.Tests.dll
         Copying file from "D:\Drive\Source\SquadDash-public\SquadDash.Tests\obj\Debug\net10.0-windows\SquadDash.Tests.pdb" to "D:\Drive\Source\SquadDash-public\SquadDash.Tests\bin\Debug\net10.0-windows\SquadDash.Tests.pdb".
     1>Done Building Project "D:\Drive\Source\SquadDash-public\SquadDash.Tests\SquadDash.Tests.csproj" (default targets).
     1>BuildProject:
         Build completed.
         
Test run for D:\Drive\Source\SquadDash-public\SquadDash.Tests\bin\Debug\net10.0-windows\SquadDash.Tests.dll (.NETCoreApp,Version=v10.0)
A total of 1 test files matched the specified pattern.
NUnit Adapter 5.2.0.0: Test execution started
Running selected tests in D:\Drive\Source\SquadDash-public\SquadDash.Tests\bin\Debug\net10.0-windows\SquadDash.Tests.dll
   NUnit3TestExecutor discovered 1 of 1 NUnit test cases using Current Discovery mode, Non-Explicit run
NUnit Adapter 5.2.0.0: Test execution complete
  Failed maintenance_Right1_to_Top_order-1_20260604_073234 [55 ms]
  Error Message:
     BuildSlotButtons result does not match recorded slot buttons
Assert.That(builtSet, Is.EqualTo(recordedSet))
  Expected and actual are both <System.Collections.Generic.HashSet`1[System.ValueTuple`2[System.String,System.Int32]]>
  Values differ at index [3]
  Expected: ("Right 1", 0)
  But was:  ("Right 2", 0)

  Stack Trace:
     at SquadDash.Tests.DockingLayoutEngineTests.RecordedDockingTestCase(String filePath) in D:\Drive\Source\SquadDash-public\SquadDash.Tests\DockingLayoutEngineTests.cs:line 79

1)    at SquadDash.Tests.DockingLayoutEngineTests.RecordedDockingTestCase(String filePath) in D:\Drive\Source\SquadDash-public\SquadDash.Tests\DockingLayoutEngineTests.cs:line 79



Total tests: 1
Test Run Failed.
     Failed: 1
 Total time: 0.6535 Seconds
       _VSTestConsole:
         MSB4181: The "VSTestTask" task returned false but did not log an error.
     1>Done Building Project "D:\Drive\Source\SquadDash-public\SquadDash.Tests\SquadDash.Tests.csproj" (VSTest target(s)) -- FAILED.

Build FAILED.

       "D:\Drive\Source\SquadDash-public\SquadDash.Tests\SquadDash.Tests.csproj" (VSTest target) (1:7) ->
       "D:\Drive\Source\SquadDash-public\SquadDash.Tests\SquadDash.Tests.csproj" (default target) (1:8) ->
       (CoreCompile target) -> 
         D:\Drive\Source\SquadDash-public\SquadDash\MaintenanceTaskEditorWindow.cs(927,65): warning CS8620: Argument of type 'Dictionary<string, string>' cannot be used for parameter 'dictionary' of type 'IReadOnlyDictionary<string, string?>' in 'string? CollectionExtensions.GetValueOrDefault<string, string?>(IReadOnlyDictionary<string, string?> dictionary, string key, string? defaultValue)' due to differences in the nullability of reference types. [D:\Drive\Source\SquadDash-public\SquadDash.Tests\SquadDash.Tests.csproj]

    1 Warning(s)
    0 Error(s)

Time Elapsed 00:00:04.71
